==============================================================================
ROW 11(b): compaction scan extended to gamma_cr in [0.2, 1.0]
==============================================================================
wide-grid integrator vs committed integrator: max rel. diff 5.74e-16 (must be << 1e-6)

--- family L: lognormal(Delta, r_p k_p) ---
   Delta  rp*kp  C_th  gamma_cr      A(0)  A(-35/16)  A(-35/8)   ratio
    0.35    0.3   0.4    0.8146    0.9569     0.3782    0.2023  1.8695
    0.35    0.3   0.5    0.8146    1.7695     0.5315    0.2814  1.8889
    0.35    0.3   0.6    0.8146    3.3135     0.7489    0.3930  1.9056
    0.35    0.5   0.4    0.8527    0.1930     0.1967    0.1095  1.7953
    0.35    0.5   0.5    0.8527    0.3569     0.2820    0.1544  1.8265
    0.35    0.5   0.6    0.8527    0.6683     0.4041    0.2181  1.8531
    0.35   0.75   0.4    0.8965    0.0757     0.1678    0.0974  1.7232
    0.35   0.75   0.5    0.8965    0.1400     0.2456    0.1391  1.7665
    0.35   0.75   0.6    0.8965    0.2622     0.3580    0.1986  1.8031
    0.35    1.0   0.4    0.9295    0.0509     0.2050    0.1226  1.6714
    0.35    1.0   0.5    0.9295    0.0940     0.3047    0.1768  1.7237
    0.35    1.0   0.6    0.9295    0.1761     0.4497    0.2544  1.7677
    0.35    1.5   0.4    0.9675    0.0473     0.5017    0.3116  1.6097
    0.35    1.5   0.5    0.9675    0.0875     0.7601    0.4542  1.6734
    0.35    1.5   0.6    0.9675    0.1638     1.1392    0.6598  1.7265
     0.5    0.3   0.4    0.7084    0.5425     0.1747    0.0945  1.8490
     0.5    0.3   0.5    0.7084    1.0032     0.2468    0.1319  1.8715
     0.5    0.3   0.6    0.7084    1.8785     0.3494    0.1848  1.8908
     0.5    0.5   0.4    0.7821    0.1511     0.1156    0.0649  1.7812
     0.5    0.5   0.5    0.7821    0.2795     0.1664    0.0917  1.8145
     0.5    0.5   0.6    0.7821    0.5233     0.2393    0.1298  1.8429
     0.5   0.75   0.4    0.8461    0.0768     0.1151    0.0668  1.7230
     0.5   0.75   0.5    0.8461    0.1420     0.1685    0.0954  1.7661
     0.5   0.75   0.6    0.8461    0.2659     0.2456    0.1362  1.8026
     0.5    1.0   0.4    0.8877    0.0590     0.1431    0.0850  1.6835
     0.5    1.0   0.5    0.8877    0.1091     0.2120    0.1223  1.7335
     0.5    1.0   0.6    0.8877    0.2043     0.3119    0.1757  1.7756
     0.5    1.5   0.4    0.9340    0.0574     0.2786    0.1703  1.6354
     0.5    1.5   0.5    0.9340    0.1062     0.4187    0.2471  1.6941
     0.5    1.5   0.6    0.9340    0.1989     0.6234    0.3576  1.7433
     0.8    0.3   0.4    0.6057    0.2634     0.0865    0.0476  1.8167
     0.8    0.3   0.5    0.6057    0.4871     0.1233    0.0669  1.8440
     0.8    0.3   0.6    0.6057    0.9121     0.1759    0.0942  1.8675
     0.8    0.5   0.4    0.6988    0.1289     0.0779    0.0440  1.7692
     0.8    0.5   0.5    0.6988    0.2383     0.1125    0.0624  1.8042
     0.8    0.5   0.6    0.6988    0.4462     0.1622    0.0884  1.8341
     0.8   0.75   0.4    0.7660    0.0908     0.0864    0.0499  1.7324
     0.8   0.75   0.5    0.7660    0.1680     0.1261    0.0711  1.7736
     0.8   0.75   0.6    0.7660    0.3145     0.1833    0.1014  1.8086
     0.8    1.0   0.4    0.8078    0.0800     0.1035    0.0606  1.7079
     0.8    1.0   0.5    0.8078    0.1480     0.1522    0.0868  1.7533
     0.8    1.0   0.6    0.8078    0.2772     0.2227    0.1243  1.7918
     0.8    1.5   0.4    0.8567    0.0799     0.1567    0.0934  1.6765
     0.8    1.5   0.5    0.8567    0.1478     0.2325    0.1346  1.7275
     0.8    1.5   0.6    0.8567    0.2767     0.3427    0.1936  1.7705
     1.2    0.3   0.4    0.5557    0.2029     0.0679    0.0377  1.8005
     1.2    0.3   0.5    0.5557    0.3751     0.0972    0.0531  1.8303
     1.2    0.3   0.6    0.5557    0.7025     0.1391    0.0750  1.8558
     1.2    0.5   0.4    0.6303    0.1413     0.0694    0.0392  1.7710
     1.2    0.5   0.5    0.6303    0.2612     0.1001    0.0555  1.8055
     1.2    0.5   0.6    0.6303    0.4892     0.1443    0.0787  1.8351
     1.2   0.75   0.4    0.6839    0.1188     0.0776    0.0444  1.7486
     1.2   0.75   0.5    0.6839    0.2198     0.1127    0.0631  1.7868
     1.2   0.75   0.6    0.6839    0.4115     0.1633    0.0897  1.8195
     1.2    1.0   0.4    0.7183    0.1118     0.0885    0.0511  1.7334
     1.2    1.0   0.5    0.7183    0.2068     0.1291    0.0728  1.7742
     1.2    1.0   0.6    0.7183    0.3873     0.1877    0.1038  1.8090
     1.2    1.5   0.4    0.7616    0.1121     0.1149    0.0671  1.7133
     1.2    1.5   0.5    0.7616    0.2073     0.1686    0.0959  1.7576
     1.2    1.5   0.6    0.7616    0.3883     0.2464    0.1372  1.7952
     1.8    0.3   0.4    0.5068    0.2142     0.0658    0.0366  1.7989
     1.8    0.3   0.5    0.5068    0.3961     0.0942    0.0515  1.8288
     1.8    0.3   0.6    0.5068    0.7416     0.1349    0.0727  1.8545
     1.8    0.5   0.4    0.5571    0.1807     0.0697    0.0391  1.7816
     1.8    0.5   0.5    0.5571    0.3341     0.1003    0.0553  1.8143
     1.8    0.5   0.6    0.5571    0.6256     0.1441    0.0782  1.8423
     1.8   0.75   0.4    0.5945    0.1667     0.0762    0.0431  1.7684
     1.8   0.75   0.5    0.5945    0.3082     0.1101    0.0611  1.8032
     1.8   0.75   0.6    0.5945    0.5772     0.1588    0.0866  1.8331
     1.8    1.0   0.4    0.6195    0.1621     0.0833    0.0473  1.7594
     1.8    1.0   0.5    0.6195    0.2998     0.1206    0.0672  1.7957
     1.8    1.0   0.6    0.6195    0.5613     0.1743    0.0954  1.8268
     1.8    1.5   0.4    0.6526    0.1624     0.0977    0.0559  1.7471
     1.8    1.5   0.5    0.6526    0.3004     0.1420    0.0795  1.7855
     1.8    1.5   0.6    0.6526    0.5625     0.2058    0.1132  1.8183
     2.5    0.3   0.4    0.4616    0.2573     0.0695    0.0385  1.8048
     2.5    0.3   0.5    0.4616    0.4758     0.0993    0.0542  1.8337
     2.5    0.3   0.6    0.4616    0.8909     0.1421    0.0764  1.8585
     2.5    0.5   0.4    0.4961    0.2351     0.0736    0.0410  1.7937
     2.5    0.5   0.5    0.4961    0.4348     0.1056    0.0579  1.8244
     2.5    0.5   0.6    0.4961    0.8142     0.1513    0.0818  1.8508
     2.5   0.75   0.4    0.5223    0.2253     0.0789    0.0442  1.7853
     2.5   0.75   0.5    0.5223    0.4167     0.1134    0.0624  1.8173
     2.5   0.75   0.6    0.5223    0.7803     0.1629    0.0883  1.8448
     2.5    1.0   0.4    0.5402    0.2221     0.0839    0.0472  1.7794
     2.5    1.0   0.5    0.5402    0.4106     0.1209    0.0667  1.8123
     2.5    1.0   0.6    0.5402    0.7689     0.1739    0.0945  1.8407
     2.5    1.5   0.4    0.5646    0.2224     0.0933    0.0527  1.7714
     2.5    1.5   0.5    0.5646    0.4112     0.1347    0.0746  1.8056
     2.5    1.5   0.6    0.5646    0.7699     0.1941    0.1058  1.8350
     3.5    0.3   0.4    0.4123    0.3329     0.0764    0.0421  1.8144
     3.5    0.3   0.5    0.4123    0.6156     0.1090    0.0592  1.8418
     3.5    0.3   0.6    0.4123    1.1528     0.1555    0.0834  1.8653
     3.5    0.5   0.4    0.4349    0.3178     0.0802    0.0444  1.8075
     3.5    0.5   0.5    0.4349    0.5877     0.1146    0.0624  1.8359
     3.5    0.5   0.6    0.4349    1.1005     0.1638    0.0881  1.8604
     3.5   0.75   0.4    0.4524    0.3109     0.0844    0.0469  1.8021
     3.5   0.75   0.5    0.4524    0.5750     0.1208    0.0660  1.8314
     3.5   0.75   0.6    0.4524    1.0766     0.1729    0.0931  1.8566
     3.5    1.0   0.4    0.4645    0.3086     0.0881    0.0490  1.7983
     3.5    1.0   0.5    0.4645    0.5706     0.1262    0.0690  1.8282
     3.5    1.0   0.6    0.4645    1.0686     0.1808    0.0975  1.8539
     3.5    1.5   0.4    0.4813    0.3088     0.0945    0.0527  1.7932
     3.5    1.5   0.5    0.4813    0.5711     0.1355    0.0743  1.8239
     3.5    1.5   0.6    0.4813    1.0694     0.1944    0.1050  1.8503
     6.0    0.3   0.4    0.3344    0.5402     0.0930    0.0507  1.8331
     6.0    0.3   0.5    0.3344    0.9989     0.1319    0.0710  1.8575
     6.0    0.3   0.6    0.3344    1.8705     0.1875    0.0998  1.8786
     6.0    0.5   0.4    0.3454    0.5316     0.0960    0.0525  1.8297
     6.0    0.5   0.5    0.3454    0.9831     0.1364    0.0735  1.8546
     6.0    0.5   0.6    0.3454    1.8409     0.1939    0.1034  1.8762
     6.0   0.75   0.4    0.3541    0.5277     0.0989    0.0542  1.8271
     6.0   0.75   0.5    0.3541    0.9757     0.1406    0.0759  1.8524
     6.0   0.75   0.6    0.3541    1.8271     0.2001    0.1067  1.8743
     6.0    1.0   0.4    0.3601    0.5263     0.1013    0.0555  1.8253
     6.0    1.0   0.5    0.3601    0.9732     0.1440    0.0778  1.8509
     6.0    1.0   0.6    0.3601    1.8224     0.2050    0.1094  1.8730
     6.0    1.5   0.4    0.3686    0.5264     0.1050    0.0576  1.8227
     6.0    1.5   0.5    0.3686    0.9735     0.1494    0.0808  1.8487
     6.0    1.5   0.6    0.3686    1.8229     0.2128    0.1137  1.8712
    10.0    0.3   0.4    0.2728    0.8839     0.1174    0.0635  1.8498
    10.0    0.3   0.5    0.2728    1.6346     0.1659    0.0886  1.8717
    10.0    0.3   0.6    0.2728    3.0608     0.2348    0.1242  1.8906
    10.0    0.5   0.4    0.2785    0.8789     0.1200    0.0649  1.8481
    10.0    0.5   0.5    0.2785    1.6252     0.1695    0.0906  1.8702
    10.0    0.5   0.6    0.2785    3.0433     0.2400    0.1270  1.8893
    10.0   0.75   0.4    0.2830    0.8765     0.1222    0.0662  1.8467
    10.0   0.75   0.5    0.2830    1.6208     0.1727    0.0924  1.8690
    10.0   0.75   0.6    0.2830    3.0350     0.2447    0.1296  1.8883
    10.0    1.0   0.4    0.2861    0.8757     0.1239    0.0671  1.8457
    10.0    1.0   0.5    0.2861    1.6193     0.1752    0.0938  1.8682
    10.0    1.0   0.6    0.2861    3.0322     0.2482    0.1315  1.8876
    10.0    1.5   0.4    0.2906    0.8758     0.1265    0.0686  1.8443
    10.0    1.5   0.5    0.2906    1.6194     0.1790    0.0959  1.8670
    10.0    1.5   0.6    0.2906    3.0325     0.2537    0.1344  1.8866

--- family P: in-lab power law, IR cutoff scanned ---
       n_s  k_min/k_p  rp*kp  C_th  gamma_cr      A(0)  A(-35/16)  A(-35/8)   ratio
    0.9649      1e-08   0.75   0.4    0.1958    0.0355     0.0032    0.0017  1.8743
    0.9649      1e-08   0.75   0.5    0.1958    0.0656     0.0044    0.0023  1.8925
    0.9649      1e-08   0.75   0.6    0.1958    0.1228     0.0062    0.0033  1.9083
    0.9649      1e-08    1.0   0.4    0.1979    0.0351     0.0032    0.0017  1.8737
    0.9649      1e-08    1.0   0.5    0.1979    0.0649     0.0044    0.0023  1.8919
    0.9649      1e-08    1.0   0.6    0.1979    0.1216     0.0063    0.0033  1.9078
    0.9649      1e-07   0.75   0.4    0.2137    0.0355     0.0035    0.0019  1.8685
    0.9649      1e-07   0.75   0.5    0.2137    0.0656     0.0049    0.0026  1.8876
    0.9649      1e-07   0.75   0.6    0.2137    0.1228     0.0069    0.0036  1.9041
    0.9649      1e-07    1.0   0.4    0.2162    0.0351     0.0035    0.0019  1.8677
    0.9649      1e-07    1.0   0.5    0.2162    0.0649     0.0049    0.0026  1.8869
    0.9649      1e-07    1.0   0.6    0.2162    0.1216     0.0069    0.0036  1.9035
    0.9649      1e-06   0.75   0.4    0.2355    0.0355     0.0039    0.0021  1.8617
    0.9649      1e-06   0.75   0.5    0.2355    0.0656     0.0055    0.0029  1.8817
    0.9649      1e-06   0.75   0.6    0.2355    0.1228     0.0078    0.0041  1.8991
    0.9649      1e-06    1.0   0.4    0.2385    0.0351     0.0039    0.0021  1.8607
    0.9649      1e-06    1.0   0.5    0.2385    0.0649     0.0055    0.0029  1.8809
    0.9649      1e-06    1.0   0.6    0.2385    0.1216     0.0078    0.0041  1.8985
    0.9649      1e-05   0.75   0.4    0.2629    0.0355     0.0045    0.0024  1.8534
    0.9649      1e-05   0.75   0.5    0.2629    0.0656     0.0063    0.0034  1.8747
    0.9649      1e-05   0.75   0.6    0.2629    0.1228     0.0089    0.0047  1.8932
    0.9649      1e-05    1.0   0.4    0.2668    0.0351     0.0045    0.0024  1.8523
    0.9649      1e-05    1.0   0.5    0.2668    0.0649     0.0064    0.0034  1.8738
    0.9649      1e-05    1.0   0.6    0.2668    0.1216     0.0090    0.0048  1.8924
    0.9649      1e-04   0.75   0.4    0.2990    0.0355     0.0052    0.0028  1.8431
    0.9649      1e-04   0.75   0.5    0.2990    0.0656     0.0074    0.0040  1.8660
    0.9649      1e-04   0.75   0.6    0.2990    0.1228     0.0105    0.0056  1.8858
    0.9649      1e-04    1.0   0.4    0.3044    0.0351     0.0053    0.0029  1.8416
    0.9649      1e-04    1.0   0.5    0.3044    0.0649     0.0075    0.0040  1.8647
    0.9649      1e-04    1.0   0.6    0.3044    0.1216     0.0107    0.0057  1.8847
    0.9649      1e-03   0.75   0.4    0.3501    0.0355     0.0065    0.0035  1.8292
    0.9649      1e-03   0.75   0.5    0.3501    0.0656     0.0092    0.0050  1.8542
    0.9649      1e-03   0.75   0.6    0.3501    0.1228     0.0131    0.0070  1.8759
    0.9649      1e-03    1.0   0.4    0.3581    0.0351     0.0066    0.0036  1.8271
    0.9649      1e-03    1.0   0.5    0.3581    0.0649     0.0094    0.0051  1.8525
    0.9649      1e-03    1.0   0.6    0.3581    0.1216     0.0134    0.0071  1.8744
    0.9649      1e-02   0.75   0.4    0.4318    0.0355     0.0088    0.0049  1.8085
    0.9649      1e-02   0.75   0.5    0.4318    0.0656     0.0126    0.0069  1.8367
    0.9649      1e-02   0.75   0.6    0.4318    0.1228     0.0180    0.0097  1.8611
    0.9649      1e-02    1.0   0.4    0.4459    0.0351     0.0092    0.0051  1.8050
    0.9649      1e-02    1.0   0.5    0.4459    0.0649     0.0132    0.0072  1.8338
    0.9649      1e-02    1.0   0.6    0.4459    0.1216     0.0188    0.0101  1.8587
    0.9649      3e-02   0.75   0.4    0.4932    0.0355     0.0111    0.0062  1.7936
    0.9649      3e-02   0.75   0.5    0.4932    0.0656     0.0159    0.0087  1.8243
    0.9649      3e-02   0.75   0.6    0.4932    0.1228     0.0227    0.0123  1.8507
    0.9649      3e-02    1.0   0.4    0.5134    0.0351     0.0118    0.0066  1.7888
    0.9649      3e-02    1.0   0.5    0.5134    0.0649     0.0169    0.0093  1.8203
    0.9649      3e-02    1.0   0.6    0.5134    0.1216     0.0243    0.0131  1.8473
    0.9649      1e-01   0.75   0.4    0.5963    0.0355     0.0162    0.0092  1.7692
    0.9649      1e-01   0.75   0.5    0.5963    0.0656     0.0234    0.0130  1.8039
    0.9649      1e-01   0.75   0.6    0.5963    0.1228     0.0338    0.0184  1.8336
    0.9649      1e-01    1.0   0.4    0.6298    0.0351     0.0183    0.0104  1.7611
    0.9649      1e-01    1.0   0.5    0.6298    0.0649     0.0265    0.0148  1.7972
    0.9649      1e-01    1.0   0.6    0.6298    0.1216     0.0383    0.0210  1.8281
    0.9649      3e-01   0.75   0.4    0.7506    0.0355     0.0322    0.0186  1.7294
    0.9649      3e-01   0.75   0.5    0.7506    0.0657     0.0471    0.0266  1.7710
    0.9649      3e-01   0.75   0.6    0.7506    0.1230     0.0686    0.0380  1.8064
    0.9649      3e-01    1.0   0.4    0.8027    0.0353     0.0435    0.0254  1.7131
    0.9649      3e-01    1.0   0.5    0.8027    0.0652     0.0638    0.0363  1.7576
    0.9649      3e-01    1.0   0.6    0.8027    0.1222     0.0932    0.0519  1.7954
       1.0      1e-08   0.75   0.4    0.2305    0.0349     0.0038    0.0020  1.8624
       1.0      1e-08   0.75   0.5    0.2305    0.0645     0.0053    0.0028  1.8823
       1.0      1e-08   0.75   0.6    0.2305    0.1209     0.0075    0.0040  1.8996
       1.0      1e-08    1.0   0.4    0.2323    0.0349     0.0038    0.0021  1.8618
       1.0      1e-08    1.0   0.5    0.2323    0.0645     0.0054    0.0029  1.8819
       1.0      1e-08    1.0   0.6    0.2323    0.1209     0.0076    0.0040  1.8992
       1.0      1e-07   0.75   0.4    0.2460    0.0349     0.0041    0.0022  1.8576
       1.0      1e-07   0.75   0.5    0.2460    0.0645     0.0058    0.0031  1.8783
       1.0      1e-07   0.75   0.6    0.2460    0.1209     0.0082    0.0043  1.8962
       1.0      1e-07    1.0   0.4    0.2482    0.0349     0.0041    0.0022  1.8569
       1.0      1e-07    1.0   0.5    0.2482    0.0645     0.0058    0.0031  1.8777
       1.0      1e-07    1.0   0.6    0.2482    0.1209     0.0082    0.0044  1.8957
       1.0      1e-06   0.75   0.4    0.2652    0.0349     0.0045    0.0024  1.8519
       1.0      1e-06   0.75   0.5    0.2652    0.0645     0.0063    0.0034  1.8734
       1.0      1e-06   0.75   0.6    0.2652    0.1209     0.0090    0.0047  1.8921
       1.0      1e-06    1.0   0.4    0.2679    0.0349     0.0045    0.0025  1.8511
       1.0      1e-06    1.0   0.5    0.2679    0.0645     0.0064    0.0034  1.8727
       1.0      1e-06    1.0   0.6    0.2679    0.1209     0.0091    0.0048  1.8915
       1.0      1e-05   0.75   0.4    0.2896    0.0349     0.0050    0.0027  1.8448
       1.0      1e-05   0.75   0.5    0.2896    0.0645     0.0071    0.0038  1.8674
       1.0      1e-05   0.75   0.6    0.2896    0.1209     0.0100    0.0053  1.8870
       1.0      1e-05    1.0   0.4    0.2932    0.0349     0.0051    0.0028  1.8438
       1.0      1e-05    1.0   0.5    0.2932    0.0645     0.0072    0.0039  1.8665
       1.0      1e-05    1.0   0.6    0.2932    0.1209     0.0102    0.0054  1.8863
       1.0      1e-04   0.75   0.4    0.3224    0.0349     0.0058    0.0031  1.8356
       1.0      1e-04   0.75   0.5    0.3224    0.0645     0.0082    0.0044  1.8597
       1.0      1e-04   0.75   0.6    0.3224    0.1209     0.0116    0.0062  1.8804
       1.0      1e-04    1.0   0.4    0.3273    0.0349     0.0059    0.0032  1.8343
       1.0      1e-04    1.0   0.5    0.3273    0.0645     0.0083    0.0045  1.8585
       1.0      1e-04    1.0   0.6    0.3273    0.1209     0.0118    0.0063  1.8795
       1.0      1e-03   0.75   0.4    0.3696    0.0349     0.0070    0.0038  1.8231
       1.0      1e-03   0.75   0.5    0.3696    0.0645     0.0099    0.0053  1.8490
       1.0      1e-03   0.75   0.6    0.3696    0.1209     0.0141    0.0075  1.8715
       1.0      1e-03    1.0   0.4    0.3771    0.0349     0.0072    0.0039  1.8211
       1.0      1e-03    1.0   0.5    0.3771    0.0645     0.0102    0.0055  1.8474
       1.0      1e-03    1.0   0.6    0.3771    0.1209     0.0145    0.0078  1.8701
       1.0      1e-02   0.75   0.4    0.4463    0.0349     0.0093    0.0051  1.8037
       1.0      1e-02   0.75   0.5    0.4463    0.0645     0.0132    0.0072  1.8327
       1.0      1e-02   0.75   0.6    0.4463    0.1209     0.0189    0.0102  1.8577
       1.0      1e-02    1.0   0.4    0.4596    0.0349     0.0097    0.0054  1.8005
       1.0      1e-02    1.0   0.5    0.4596    0.0645     0.0139    0.0076  1.8300
       1.0      1e-02    1.0   0.6    0.4596    0.1209     0.0199    0.0107  1.8554
       1.0      3e-02   0.75   0.4    0.5046    0.0349     0.0114    0.0064  1.7896
       1.0      3e-02   0.75   0.5    0.5046    0.0645     0.0164    0.0090  1.8209
       1.0      3e-02   0.75   0.6    0.5046    0.1209     0.0236    0.0128  1.8478
       1.0      3e-02    1.0   0.4    0.5240    0.0349     0.0123    0.0069  1.7850
       1.0      3e-02    1.0   0.5    0.5240    0.0645     0.0177    0.0097  1.8171
       1.0      3e-02    1.0   0.6    0.5240    0.1209     0.0254    0.0138  1.8446
       1.0      1e-01   0.75   0.4    0.6036    0.0349     0.0166    0.0094  1.7661
       1.0      1e-01   0.75   0.5    0.6036    0.0645     0.0239    0.0133  1.8013
       1.0      1e-01   0.75   0.6    0.6036    0.1209     0.0345    0.0188  1.8315
       1.0      1e-01    1.0   0.4    0.6360    0.0349     0.0188    0.0107  1.7583
       1.0      1e-01    1.0   0.5    0.6360    0.0645     0.0273    0.0152  1.7948
       1.0      1e-01    1.0   0.6    0.6360    0.1209     0.0394    0.0216  1.8261
       1.0      3e-01   0.75   0.4    0.7535    0.0350     0.0324    0.0188  1.7274
       1.0      3e-01   0.75   0.5    0.7535    0.0646     0.0474    0.0268  1.7693
       1.0      3e-01   0.75   0.6    0.7535    0.1210     0.0690    0.0382  1.8050
       1.0      3e-01    1.0   0.4    0.8045    0.0351     0.0439    0.0257  1.7113
       1.0      3e-01    1.0   0.5    0.8045    0.0648     0.0645    0.0367  1.7562
       1.0      3e-01    1.0   0.6    0.8045    0.1214     0.0943    0.0525  1.7942

--- required-amplitude ratio A(-35/16)/A(-35/8) ---
  full extended scan                 n=255  gamma_cr [0.196, 0.968]  ratio 1.826 +- 0.054  [1.610, 1.908]
  INSIDE in-lab [0.267,0.630]        n=144  gamma_cr [0.268, 0.630]  ratio 1.837 +- 0.031  [1.759, 1.891]
  committed grid [0.766,0.968]       n= 42  gamma_cr [0.766, 0.968]  ratio 1.759 +- 0.064  [1.610, 1.906]
  below committed coverage           n=213  gamma_cr [0.196, 0.762]  ratio 1.839 +- 0.040  [1.713, 1.908]

[1283.5s] wrote /Users/houstongolden/Desktop/CODE_YOU/bigbounce/research/track_a3_multichannel/row11_pbh_residuals/results/row11_gammacr_extension.json
