\BOOKMARK [0][-]{section*.2}{\376\377\000C\000h\000a\000n\000n\000e\000l\000-\000L\000e\000v\000e\000l\000\040\000C\000l\000o\000s\000u\000r\000e\000\040\000o\000f\000\040\000F\000o\000u\000r\000\040\000M\000i\000n\000i\000m\000a\000l\000\040\000E\000i\000n\000s\000t\000e\000i\000n\040\023\000C\000a\000r\000t\000a\000n\040\023\000H\000o\000l\000s\000t\000\040\000D\000a\000r\000k\000-\000E\000n\000e\000r\000g\000y\000\040\000R\000o\000u\000t\000e\000s\000\040\000a\000n\000d\000\040\000P\000e\000r\000t\000u\000r\000b\000a\000t\000i\000o\000n\000\040\000T\000r\000a\000n\000s\000p\000a\000r\000e\000n\000c\000y\000\040\000f\000o\000r\000\040\000S\000c\000a\000l\000a\000r\000\040\000M\000a\000t\000t\000e\000r}{}% 2
\BOOKMARK [1][-]{section*.1}{\376\377\000A\000b\000s\000t\000r\000a\000c\000t}{section*.2}% 1
\BOOKMARK [1][-]{section*.3}{\376\377\000C\000o\000n\000t\000e\000n\000t\000s}{section*.2}% 3
\BOOKMARK [1][-]{section*.4}{\376\377\000I\000n\000t\000r\000o\000d\000u\000c\000t\000i\000o\000n}{section*.2}% 4
\BOOKMARK [2][-]{section*.6}{\376\377\000T\000h\000e\000o\000r\000e\000t\000i\000c\000a\000l\000\040\000F\000o\000u\000n\000d\000a\000t\000i\000o\000n\000s\000\040\000a\000n\000d\000\040\000N\000o\000v\000e\000l\000\040\000S\000y\000n\000t\000h\000e\000s\000i\000s}{section*.4}% 5
\BOOKMARK [2][-]{section*.7}{\376\377\000P\000a\000p\000e\000r\000\040\000O\000r\000g\000a\000n\000i\000z\000a\000t\000i\000o\000n}{section*.4}% 6
\BOOKMARK [1][-]{section*.8}{\376\377\000T\000h\000e\000o\000r\000e\000t\000i\000c\000a\000l\000\040\000F\000r\000a\000m\000e\000w\000o\000r\000k}{section*.2}% 7
\BOOKMARK [2][-]{section*.9}{\376\377\000L\000o\000o\000p\000\040\000Q\000u\000a\000n\000t\000u\000m\000\040\000C\000o\000s\000m\000o\000l\000o\000g\000y\000\040\000a\000n\000d\000\040\000t\000h\000e\000\040\000H\000o\000l\000s\000t\000\040\000A\000c\000t\000i\000o\000n}{section*.8}% 8
\BOOKMARK [3][-]{section*.10}{\376\377\000E\000i\000n\000s\000t\000e\000i\000n\000-\000C\000a\000r\000t\000a\000n\000-\000H\000o\000l\000s\000t\000\040\000A\000c\000t\000i\000o\000n}{section*.9}% 9
\BOOKMARK [3][-]{section*.11}{\376\377\000D\000e\000r\000i\000v\000a\000t\000i\000o\000n\000\040\000o\000f\000\040\000t\000h\000e\000\040\000P\000a\000r\000i\000t\000y\000-\000O\000d\000d\000\040\000T\000e\000r\000m}{section*.9}% 10
\BOOKMARK [3][-]{section*.12}{\376\377\000P\000a\000r\000a\000m\000e\000t\000e\000r\000\040\000N\000a\000t\000u\000r\000a\000l\000n\000e\000s\000s}{section*.9}% 11
\BOOKMARK [2][-]{section*.13}{\376\377\000B\000l\000a\000c\000k\000\040\000H\000o\000l\000e\000\040\000I\000n\000t\000e\000r\000i\000o\000r\000\040\000a\000n\000d\000\040\000Q\000u\000a\000n\000t\000u\000m\000\040\000B\000o\000u\000n\000c\000e}{section*.8}% 12
\BOOKMARK [2][-]{section*.14}{\376\377\000C\000o\000s\000m\000i\000c\000\040\000R\000o\000t\000a\000t\000i\000o\000n\000\040\000a\000n\000d\000\040\000D\000a\000r\000k\000\040\000E\000n\000e\000r\000g\000y}{section*.8}% 13
\BOOKMARK [3][-]{section*.15}{\376\377\000I\000n\000f\000l\000a\000t\000i\000o\000n\000a\000r\000y\000\040\000S\000u\000p\000p\000r\000e\000s\000s\000i\000o\000n}{section*.14}% 14
\BOOKMARK [3][-]{section*.16}{\376\377\000G\000a\000l\000a\000x\000y\000\040\000S\000p\000i\000n\000\040\000A\000l\000i\000g\000n\000m\000e\000n\000t\000\040\000M\000e\000c\000h\000a\000n\000i\000s\000m}{section*.14}% 15
\BOOKMARK [1][-]{section*.17}{\376\377\000O\000b\000s\000e\000r\000v\000a\000t\000i\000o\000n\000a\000l\000\040\000S\000i\000g\000n\000a\000t\000u\000r\000e\000s}{section*.2}% 16
\BOOKMARK [2][-]{section*.18}{\376\377\000C\000M\000B\000\040\000E\000-\000B\000\040\000C\000r\000o\000s\000s\000-\000C\000o\000r\000r\000e\000l\000a\000t\000i\000o\000n\000s}{section*.17}% 17
\BOOKMARK [2][-]{section*.19}{\376\377\000G\000a\000l\000a\000x\000y\000\040\000S\000p\000i\000n\000\040\000A\000s\000y\000m\000m\000e\000t\000r\000y\000:\000\040\000A\000\040\000C\000o\000n\000f\000i\000r\000m\000e\000d\000\040\000N\000u\000l\000l}{section*.17}% 18
\BOOKMARK [1][-]{section*.20}{\376\377\000F\000o\000u\000r\000-\000R\000o\000u\000t\000e\000\040\000N\000o\000-\000G\000o\000:\000\040\000W\000h\000y\000\040\000E\000a\000c\000h\000\040\000S\000t\000a\000n\000d\000a\000r\000d\000\040\000E\000C\000H\000\040\000C\000h\000a\000n\000n\000e\000l\000\040\000C\000l\000o\000s\000e\000s}{section*.2}% 19
\BOOKMARK [2][-]{section*.22}{\376\377\000R\000o\000u\000t\000e\000\040\0001\000\040\000\050\000N\000J\000L\000\040\000f\000o\000u\000r\000-\000f\000e\000r\000m\000i\000o\000n\000\040\000c\000o\000n\000t\000a\000c\000t\000\051\000:\000\040\000c\000l\000o\000s\000e\000d\000\040\000b\000y\000\040\000P\000l\000a\000n\000c\000k\000\040\000s\000u\000p\000p\000r\000e\000s\000s\000i\000o\000n}{section*.20}% 20
\BOOKMARK [2][-]{section*.23}{\376\377\000R\000o\000u\000t\000e\000\040\0002\000\040\000\050\000o\000n\000e\000-\000l\000o\000o\000p\000\040\000g\000r\000a\000v\000i\000t\000o\000n\000\040\000c\000o\000r\000r\000e\000c\000t\000i\000o\000n\000s\000\040\000t\000o\000\040\000t\000h\000e\000\040\000H\000o\000l\000s\000t\000\040\000s\000e\000c\000t\000o\000r\000\051\000:\000\040\000c\000l\000o\000s\000e\000d\000\040\000b\000y\000\040\000p\000a\000r\000i\000t\000y\000-\000o\000d\000d\000\040\000c\000o\000e\000f\000f\000i\000c\000i\000e\000n\000t\000\040\000a\000n\000d\000\040\000P\000l\000a\000n\000c\000k\000\040\000s\000u\000p\000p\000r\000e\000s\000s\000i\000o\000n}{section*.20}% 21
\BOOKMARK [2][-]{section*.24}{\376\377\000R\000o\000u\000t\000e\000\040\0003\000\040\000\050\000q\000u\000a\000n\000t\000u\000m\000\040\000r\000u\000n\000n\000i\000n\000g\000\040\000o\000f\000\040\000t\000h\000e\000\040\000I\000m\000m\000i\000r\000z\000i\000\040\000p\000a\000r\000a\000m\000e\000t\000e\000r\000\051\000:\000\040\000c\000l\000o\000s\000e\000d\000\040\000b\000y\000\040\000m\000a\000s\000s\000-\000d\000i\000m\000e\000n\000s\000i\000o\000n\000\040\000l\000o\000c\000k}{section*.20}% 22
\BOOKMARK [2][-]{section*.25}{\376\377\000R\000o\000u\000t\000e\000\040\0004\000\040\000\050\000p\000a\000r\000i\000t\000y\000-\000o\000d\000d\000\040\000C\000M\000B\000\040\000c\000o\000u\000p\000l\000i\000n\000g\000\040\000v\000i\000a\000\040\000s\000p\000e\000c\000t\000a\000t\000o\000r\000\040\000A\000L\000P\000\040\000o\000r\000\040\000n\000e\000u\000t\000r\000i\000n\000o\000\040\000c\000u\000r\000r\000e\000n\000t\000\051\000:\000\040\000n\000a\000t\000u\000r\000a\000l\000n\000e\000s\000s\000\040\000o\000b\000j\000e\000c\000t\000i\000o\000n\000\040\000r\000a\000t\000h\000e\000r\000\040\000t\000h\000a\000n\000\040\000a\000m\000p\000l\000i\000t\000u\000d\000e\000\040\000n\000o\000-\000g\000o}{section*.20}% 23
\BOOKMARK [2][-]{section*.26}{\376\377\000C\000l\000o\000s\000u\000r\000e\000\040\000s\000u\000m\000m\000a\000r\000y}{section*.20}% 24
\BOOKMARK [1][-]{section*.27}{\376\377\000D\000a\000t\000a\000\040\000M\000e\000t\000h\000o\000d\000s\000:\000\040\000G\000a\000l\000a\000x\000y\000\040\000S\000p\000i\000n\000\040\000A\000n\000a\000l\000y\000s\000i\000s}{section*.2}% 25
\BOOKMARK [1][-]{section*.28}{\376\377\000S\000y\000s\000t\000e\000m\000a\000t\000i\000c\000\040\000A\000n\000a\000l\000y\000s\000i\000s}{section*.2}% 26
\BOOKMARK [1][-]{section*.29}{\376\377\000F\000a\000l\000s\000i\000f\000i\000c\000a\000t\000i\000o\000n\000\040\000C\000r\000i\000t\000e\000r\000i\000a}{section*.2}% 27
\BOOKMARK [1][-]{section*.30}{\376\377\000R\000e\000l\000a\000t\000e\000d\000\040\000W\000o\000r\000k}{section*.2}% 28
\BOOKMARK [1][-]{section*.31}{\376\377\000S\000t\000r\000u\000c\000t\000u\000r\000a\000l\000\040\000C\000o\000n\000s\000t\000r\000a\000i\000n\000t\000s\000\040\000o\000n\000\040\000D\000a\000r\000k\000-\000E\000n\000e\000r\000g\000y\000\040\000R\000o\000u\000t\000e\000s\000\040\000i\000n\000\040\000M\000i\000n\000i\000m\000a\000l\000\040\000E\000C\000H}{section*.2}% 29
\BOOKMARK [2][-]{section*.32}{\376\377\000B\000a\000r\000r\000i\000e\000r\000\040\0001\000:\000\040\000M\000a\000s\000s\000-\000C\000o\000u\000p\000l\000i\000n\000g\000\040\000L\000o\000c\000k\000\040\000\050\000F\000o\000u\000n\000d\000a\000t\000i\000o\000n\000\040\000A\000\051}{section*.31}% 30
\BOOKMARK [2][-]{section*.33}{\376\377\000B\000a\000r\000r\000i\000e\000r\000\040\0002\000:\000\040\000T\000o\000p\000o\000l\000o\000g\000i\000c\000a\000l\000-\000S\000h\000i\000f\000t\000\040\000D\000u\000a\000l\000i\000t\000y\000\040\000\050\000F\000o\000u\000n\000d\000a\000t\000i\000o\000n\000\040\000B\000\051}{section*.31}% 31
\BOOKMARK [2][-]{section*.34}{\376\377\000B\000a\000r\000r\000i\000e\000r\000\040\0003\000:\000\040\000S\000c\000a\000l\000a\000r\000-\000T\000e\000n\000s\000o\000r\000\040\000U\000n\000i\000v\000e\000r\000s\000a\000l\000i\000t\000y\000\040\000\050\000F\000o\000u\000n\000d\000a\000t\000i\000o\000n\000\040\000C\000\051}{section*.31}% 32
\BOOKMARK [2][-]{section*.35}{\376\377\000B\000a\000r\000r\000i\000e\000r\000\040\0004\000:\000\040\000P\000l\000a\000n\000c\000k\000\040\000S\000u\000p\000p\000r\000e\000s\000s\000i\000o\000n\000\040\000\050\000F\000o\000u\000n\000d\000a\000t\000i\000o\000n\000\040\000D\000\051}{section*.31}% 33
\BOOKMARK [2][-]{section*.36}{\376\377\000B\000a\000r\000r\000i\000e\000r\000\040\0005\000:\000\040\000S\000c\000a\000l\000e\000\040\000S\000e\000p\000a\000r\000a\000t\000i\000o\000n\000\040\000\050\000F\000o\000u\000n\000d\000a\000t\000i\000o\000n\000\040\000E\000\051}{section*.31}% 34
\BOOKMARK [2][-]{section*.37}{\376\377\000B\000a\000r\000r\000i\000e\000r\000\040\0006\000:\000\040\000A\000t\000t\000r\000a\000c\000t\000o\000r\000-\000S\000e\000n\000s\000i\000t\000i\000v\000i\000t\000y\000\040\000D\000i\000l\000e\000m\000m\000a\000\040\000\050\000F\000o\000u\000n\000d\000a\000t\000i\000o\000n\000\040\000F\000\051}{section*.31}% 35
\BOOKMARK [2][-]{section*.38}{\376\377\000B\000a\000r\000r\000i\000e\000r\000\040\0007\000:\000\040\000P\000a\000r\000a\000m\000e\000t\000e\000r\000\040\000I\000m\000m\000u\000n\000i\000t\000y\000\040\000\050\000F\000o\000u\000n\000d\000a\000t\000i\000o\000n\000\040\000G\000\051}{section*.31}% 36
\BOOKMARK [2][-]{section*.39}{\376\377\000B\000a\000r\000r\000i\000e\000r\000\040\0008\000:\000\040\000P\000a\000r\000i\000t\000y\000-\000E\000v\000e\000n\000\040\000I\000n\000t\000e\000r\000a\000c\000t\000i\000o\000n\000\040\000\050\000B\000r\000a\000n\000c\000h\000\040\000H\000\051}{section*.31}% 37
\BOOKMARK [2][-]{section*.40}{\376\377\000B\000a\000r\000r\000i\000e\000r\000\040\0009\000:\000\040\000L\000i\000o\000u\000v\000i\000l\000l\000e\000\040\000C\000o\000n\000s\000e\000r\000v\000a\000t\000i\000o\000n\000\040\000\050\000B\000r\000a\000n\000c\000h\000\040\000J\000\051}{section*.31}% 38
\BOOKMARK [2][-]{section*.41}{\376\377\000B\000a\000r\000r\000i\000e\000r\000\040\0001\0000\000:\000\040\000U\000V\000I\000R\000\040\000S\000p\000e\000c\000i\000f\000i\000c\000i\000t\000y\000\040\000D\000i\000l\000e\000m\000m\000a\000\040\000\050\000B\000r\000a\000n\000c\000h\000\040\000L\000\051}{section*.31}% 39
\BOOKMARK [2][-]{section*.42}{\376\377\000B\000a\000r\000r\000i\000e\000r\000\040\0001\0001\000:\000\040\000D\000e\000c\000o\000u\000p\000l\000i\000n\000g\000\040\000U\000n\000i\000v\000e\000r\000s\000a\000l\000i\000t\000y\000\040\000\050\000B\000r\000a\000n\000c\000h\000e\000s\000\040\000L\000/\000M\000\051}{section*.31}% 40
\BOOKMARK [2][-]{section*.43}{\376\377\000B\000a\000r\000r\000i\000e\000r\000\040\0001\0002\000:\000\040\000V\000a\000c\000u\000u\000m\000\040\000A\000m\000p\000l\000i\000f\000i\000c\000a\000t\000i\000o\000n\000\040\000C\000e\000i\000l\000i\000n\000g\000\040\000\050\000B\000r\000a\000n\000c\000h\000\040\000M\000\051}{section*.31}% 41
\BOOKMARK [2][-]{section*.44}{\376\377\000B\000a\000r\000r\000i\000e\000r\000\040\0001\0003\000:\000\040\000G\000r\000a\000v\000i\000t\000a\000t\000i\000o\000n\000a\000l\000\040\000D\000e\000m\000o\000c\000r\000a\000c\000y\000\040\000\050\000B\000r\000a\000n\000c\000h\000e\000s\000\040\000N\000/\000O\000\051}{section*.31}% 42
\BOOKMARK [2][-]{section*.45}{\376\377\000B\000a\000r\000r\000i\000e\000r\000\040\0001\0004\000:\000\040\000P\000e\000r\000t\000u\000r\000b\000a\000t\000i\000o\000n\000\040\000T\000r\000a\000n\000s\000p\000a\000r\000e\000n\000c\000y}{section*.31}% 43
\BOOKMARK [1][-]{section*.46}{\376\377\000T\000h\000e\000\040\000P\000e\000r\000t\000u\000r\000b\000a\000t\000i\000o\000n\000-\000T\000r\000a\000n\000s\000p\000a\000r\000e\000n\000c\000y\000\040\000R\000e\000s\000u\000l\000t}{section*.2}% 44
\BOOKMARK [2][-]{section*.47}{\376\377\000S\000t\000a\000t\000e\000m\000e\000n\000t}{section*.46}% 45
\BOOKMARK [2][-]{section*.48}{\376\377\000P\000r\000o\000o\000f\000\040\000\050\000S\000c\000a\000l\000a\000r\000\040\000S\000e\000c\000t\000o\000r\000\051}{section*.46}% 46
\BOOKMARK [2][-]{section*.49}{\376\377\000E\000x\000t\000e\000n\000s\000i\000o\000n\000\040\000t\000o\000\040\000T\000e\000n\000s\000o\000r\000\040\000S\000e\000c\000t\000o\000r}{section*.46}% 47
\BOOKMARK [2][-]{section*.50}{\376\377\000E\000x\000p\000l\000i\000c\000i\000t\000\040\000V\000e\000r\000i\000f\000i\000c\000a\000t\000i\000o\000n\000:\000\040\000T\000h\000e\000\040\000H\000o\000l\000s\000t\000\040\000T\000e\000r\000m\000\040\000i\000n\000\040\000P\000e\000r\000t\000u\000r\000b\000a\000t\000i\000o\000n\000\040\000T\000h\000e\000o\000r\000y}{section*.46}% 48
\BOOKMARK [2][-]{section*.51}{\376\377\000W\000h\000a\000t\000\040\000W\000o\000u\000l\000d\000\040\000B\000r\000e\000a\000k\000\040\000t\000h\000e\000\040\000T\000r\000a\000n\000s\000p\000a\000r\000e\000n\000c\000y}{section*.46}% 49
\BOOKMARK [2][-]{section*.52}{\376\377\000I\000m\000p\000l\000i\000c\000a\000t\000i\000o\000n\000s}{section*.46}% 50
\BOOKMARK [2][-]{section*.53}{\376\377\000D\000i\000s\000c\000r\000i\000m\000i\000n\000a\000t\000i\000o\000n\000\040\000A\000m\000o\000n\000g\000\040\000B\000o\000u\000n\000c\000i\000n\000g\000\040\000C\000o\000s\000m\000o\000l\000o\000g\000i\000e\000s}{section*.46}% 51
\BOOKMARK [1][-]{section*.54}{\376\377\000T\000h\000e\000\040\000H\000y\000b\000r\000i\000d\000\040\000D\000a\000r\000k\000-\000E\000n\000e\000r\000g\000y\000\040\000L\000o\000o\000p\000h\000o\000l\000e}{section*.2}% 52
\BOOKMARK [1][-]{section*.55}{\376\377\000D\000i\000s\000c\000u\000s\000s\000i\000o\000n}{section*.2}% 53
\BOOKMARK [2][-]{section*.56}{\376\377\000T\000h\000e\000\040\000I\000n\000f\000l\000a\000t\000i\000o\000n\000a\000r\000y\000\040\000S\000u\000p\000p\000r\000e\000s\000s\000i\000o\000n\000\040\000F\000a\000c\000t\000o\000r}{section*.55}% 54
\BOOKMARK [2][-]{section*.57}{\376\377\000T\000h\000e\000o\000r\000e\000t\000i\000c\000a\000l\000\040\000I\000m\000p\000l\000i\000c\000a\000t\000i\000o\000n\000s}{section*.55}% 55
\BOOKMARK [1][-]{section*.58}{\376\377\000S\000u\000r\000v\000i\000v\000i\000n\000g\000\040\000M\000e\000c\000h\000a\000n\000i\000s\000m\000-\000I\000n\000d\000e\000p\000e\000n\000d\000e\000n\000t\000\040\000T\000e\000s\000t\000s}{section*.2}% 56
\BOOKMARK [1][-]{section*.59}{\376\377\000L\000i\000m\000i\000t\000a\000t\000i\000o\000n\000s\000\040\000a\000n\000d\000\040\000F\000u\000t\000u\000r\000e\000\040\000D\000i\000r\000e\000c\000t\000i\000o\000n\000s}{section*.2}% 57
\BOOKMARK [2][-]{section*.60}{\376\377\000C\000u\000r\000r\000e\000n\000t\000\040\000L\000i\000m\000i\000t\000a\000t\000i\000o\000n\000s}{section*.59}% 58
\BOOKMARK [3][-]{section*.61}{\376\377\000T\000h\000e\000o\000r\000e\000t\000i\000c\000a\000l}{section*.60}% 59
\BOOKMARK [3][-]{section*.62}{\376\377\000O\000b\000s\000e\000r\000v\000a\000t\000i\000o\000n\000a\000l}{section*.60}% 60
\BOOKMARK [2][-]{section*.63}{\376\377\000R\000o\000b\000u\000s\000t\000n\000e\000s\000s\000\040\000t\000o\000\040\000G\000a\000l\000a\000x\000y\000\040\000S\000p\000i\000n\000\040\000N\000u\000l\000l\000\040\000R\000e\000s\000u\000l\000t\000s}{section*.59}% 61
\BOOKMARK [2][-]{section*.64}{\376\377\000D\000i\000s\000c\000r\000i\000m\000i\000n\000a\000t\000i\000n\000g\000\040\000O\000b\000s\000e\000r\000v\000a\000t\000i\000o\000n\000a\000l\000\040\000C\000h\000a\000n\000n\000e\000l\000s}{section*.59}% 62
\BOOKMARK [2][-]{section*.65}{\376\377\000S\000t\000r\000u\000c\000t\000u\000r\000a\000l\000\040\000T\000e\000n\000s\000i\000o\000n\000:\000\040\000D\000a\000r\000k\000\040\000E\000n\000e\000r\000g\000y\000\040\000v\000s\000.\000\040\000B\000o\000u\000n\000c\000e\000\040\000f\000N\000L\000\040\000\050\000r\000o\000b\000u\000s\000t\000n\000e\000s\000s\000\040\000c\000h\000e\000c\000k\000,\000\040\000n\000o\000t\000\040\000c\000o\000-\000e\000q\000u\000a\000l\000\040\000c\000l\000o\000s\000u\000r\000e\000\051}{section*.59}% 63
\BOOKMARK [2][-]{section*.66}{\376\377\000C\000h\000a\000n\000n\000e\000l\000-\000L\000e\000v\000e\000l\000\040\000C\000l\000o\000s\000u\000r\000e}{section*.59}% 64
\BOOKMARK [1][-]{section*.67}{\376\377\000C\000o\000n\000c\000l\000u\000s\000i\000o\000n\000s}{section*.2}% 65
\BOOKMARK [2][-]{section*.68}{\376\377\000D\000a\000t\000a\000\040\000a\000n\000d\000\040\000C\000o\000d\000e\000\040\000A\000v\000a\000i\000l\000a\000b\000i\000l\000i\000t\000y}{section*.67}% 66
\BOOKMARK [1][-]{section*.69}{\376\377\000A\000c\000k\000n\000o\000w\000l\000e\000d\000g\000m\000e\000n\000t\000s}{section*.2}% 67
\BOOKMARK [1][-]{section*.70}{\376\377\000C\000o\000m\000p\000l\000e\000t\000e\000\040\000P\000a\000r\000a\000m\000e\000t\000e\000r\000\040\000S\000u\000m\000m\000a\000r\000y}{section*.2}% 68
\BOOKMARK [1][-]{section*.71}{\376\377\000D\000i\000m\000e\000n\000s\000i\000o\000n\000a\000l\000\040\000S\000t\000a\000t\000u\000s\000\040\000o\000f\000\040\000t\000h\000e\000\040\000P\000a\000r\000i\000t\000y\000-\000O\000d\000d\000\040\000O\000p\000e\000r\000a\000t\000o\000r}{section*.2}% 69
\BOOKMARK [1][-]{section*.72}{\376\377\000R\000e\000f\000e\000r\000e\000n\000c\000e\000s}{section*.2}% 70
