\BOOKMARK [0][-]{section*.2}{\376\377\000T\000e\000c\000h\000n\000i\000c\000a\000l\000\040\000V\000e\000r\000i\000f\000i\000c\000a\000t\000i\000o\000n\000\040\000C\000o\000m\000p\000a\000n\000i\000o\000n\000\040\000t\000o\000\040\000t\000h\000e\000\040\000E\000C\000H\000\040\000S\000p\000i\000n\000-\000T\000o\000r\000s\000i\000o\000n\000\040\000P\000r\000o\000g\000r\000a\000m\000:\000\040\000C\000D\000M\000+\000N\000e\000f\000f\000\040\000M\000C\000M\000C\000\040\000P\000r\000o\000x\000y\000,\000\040\000N\000a\000M\000a\000s\000t\000e\000r\000\040\000P\000i\000p\000e\000l\000i\000n\000e\000\040\000R\000e\000c\000o\000v\000e\000r\000y\000,\000\040\000a\000n\000d\000\040\000a\000\040\000B\000i\000r\000e\000f\000r\000i\000n\000g\000e\000n\000c\000e\000\040\000C\000o\000n\000s\000i\000s\000t\000e\000n\000c\000y\000\040\000C\000h\000e\000c\000k\000\040\000w\000i\000t\000h\000\040\000a\000\040\000S\000p\000e\000c\000t\000a\000t\000o\000r\000-\000A\000L\000P\000\040\000M\000o\000d\000e\000l}{}% 2
\BOOKMARK [1][-]{section*.1}{\376\377\000A\000b\000s\000t\000r\000a\000c\000t}{section*.2}% 1
\BOOKMARK [1][-]{section*.3}{\376\377\000C\000o\000n\000t\000e\000n\000t\000s}{section*.2}% 3
\BOOKMARK [1][-]{section*.4}{\376\377\000I\000n\000t\000r\000o\000d\000u\000c\000t\000i\000o\000n}{section*.2}% 4
\BOOKMARK [1][-]{section*.5}{\376\377\000C\000o\000s\000m\000o\000l\000o\000g\000i\000c\000a\000l\000\040\000T\000e\000n\000s\000i\000o\000n\000s\000:\000\040\000H\0000\000\040\000a\000n\000d\000\040\0008}{section*.2}% 5
\BOOKMARK [1][-]{section*.6}{\376\377\000S\000t\000o\000c\000k\000-\000C\000A\000M\000B\000\040\000C\000D\000M\000+\000N\000e\000f\000f\000\040\000M\000C\000M\000C\000:\000\040\000G\000e\000n\000e\000r\000i\000c\000\040\000R\000a\000d\000i\000a\000t\000i\000o\000n\000-\000P\000r\000o\000x\000y\000\040\000T\000e\000s\000t\000\040\000\050\000N\000o\000t\000\040\000a\000\040\000S\000p\000i\000n\000-\000T\000o\000r\000s\000i\000o\000n\000\040\000T\000h\000e\000o\000r\000y\000\040\000M\000o\000d\000u\000l\000e\000\051}{section*.2}% 6
\BOOKMARK [1][-]{section*.8}{\376\377\000D\000a\000t\000a\000\040\000M\000e\000t\000h\000o\000d\000s\000:\000\040\000C\000M\000B\000\040\000E\000-\000B\000\040\000A\000n\000a\000l\000y\000s\000i\000s}{section*.2}% 7
\BOOKMARK [1][-]{section*.9}{\376\377\000C\000o\000s\000m\000o\000l\000o\000g\000i\000c\000a\000l\000\040\000F\000i\000t\000s\000\040\000a\000n\000d\000\040\000M\000o\000d\000e\000l\000\040\000C\000o\000m\000p\000a\000r\000i\000s\000o\000n}{section*.2}% 8
\BOOKMARK [2][-]{section*.10}{\376\377\000D\000a\000t\000a\000s\000e\000t\000s\000\040\000a\000n\000d\000\040\000C\000o\000n\000f\000i\000g\000u\000r\000a\000t\000i\000o\000n}{section*.9}% 9
\BOOKMARK [2][-]{section*.11}{\376\377\000R\000e\000s\000u\000l\000t\000s\000:\000\040\000C\000D\000M\000+\000N\000e\000f\000f\000\040\000p\000r\000o\000x\000y}{section*.9}% 10
\BOOKMARK [2][-]{section*.12}{\376\377\000w\0000\000\040\000w\000a\000\040\000c\000r\000o\000s\000s\000-\000c\000h\000e\000c\000k\000\040\000w\000i\000t\000h\000\040\000s\000t\000a\000t\000e\000d\000\040\000S\000N\000-\000o\000v\000e\000r\000l\000a\000p\000\040\000s\000y\000s\000t\000e\000m\000a\000t\000i\000c}{section*.9}% 11
\BOOKMARK [1][-]{section*.13}{\376\377\000C\000o\000s\000m\000i\000c\000\040\000B\000i\000r\000e\000f\000r\000i\000n\000g\000e\000n\000c\000e\000:\000\040\000S\000p\000e\000c\000t\000a\000t\000o\000r\000\040\000A\000L\000P\000\040\000C\000o\000n\000s\000i\000s\000t\000e\000n\000c\000y\000\040\000C\000h\000e\000c\000k}{section*.2}% 12
\BOOKMARK [2][-]{section*.14}{\376\377\000A\000L\000P\000\040\000d\000a\000r\000k\000-\000e\000n\000e\000r\000g\000y\000\040\000f\000r\000a\000c\000t\000i\000o\000n\000\040\000a\000:\000\040\000d\000e\000f\000i\000n\000i\000t\000i\000o\000n\000\040\000a\000n\000d\000\040\000c\000o\000m\000p\000u\000t\000a\000t\000i\000o\000n}{section*.13}% 13
\BOOKMARK [1][-]{section*.15}{\376\377\000C\000o\000n\000c\000l\000u\000s\000i\000o\000n\000s}{section*.2}% 14
\BOOKMARK [2][-]{section*.16}{\376\377\000D\000a\000t\000a\000\040\000a\000n\000d\000\040\000C\000o\000d\000e\000\040\000A\000v\000a\000i\000l\000a\000b\000i\000l\000i\000t\000y}{section*.15}% 15
\BOOKMARK [1][-]{section*.17}{\376\377\000A\000c\000k\000n\000o\000w\000l\000e\000d\000g\000m\000e\000n\000t\000s}{section*.2}% 16
\BOOKMARK [1][-]{section*.18}{\376\377\000R\000e\000p\000r\000o\000d\000u\000c\000i\000b\000i\000l\000i\000t\000y\000\040\000M\000a\000t\000e\000r\000i\000a\000l\000s}{section*.2}% 17
\BOOKMARK [1][-]{section*.19}{\376\377\000C\000l\000a\000i\000m\000s\000\040\000C\000l\000a\000s\000s\000i\000f\000i\000c\000a\000t\000i\000o\000n}{section*.2}% 18
\BOOKMARK [1][-]{section*.20}{\376\377\000A\000L\000P\000-\000M\000C\000M\000C\000\040\000S\000a\000m\000p\000l\000e\000d\000\040\000P\000a\000r\000a\000m\000e\000t\000e\000r\000s\000,\000\040\000P\000r\000i\000o\000r\000s\000,\000\040\000a\000n\000d\000\040\000L\000i\000k\000e\000l\000i\000h\000o\000o\000d\000\040\000S\000t\000a\000c\000k}{section*.2}% 19
\BOOKMARK [1][-]{section*.21}{\376\377\000R\000e\000f\000e\000r\000e\000n\000c\000e\000s}{section*.2}% 20
