\BOOKMARK [0][-]{section*.2}{\376\377\000T\000e\000s\000t\000i\000n\000g\000\040\000t\000h\000e\000\040\000M\000a\000t\000t\000e\000r\000\040\000B\000o\000u\000n\000c\000e\000\040\000w\000i\000t\000h\000\040\000P\000r\000i\000m\000o\000r\000d\000i\000a\000l\000\040\000N\000o\000n\000-\000G\000a\000u\000s\000s\000i\000a\000n\000i\000t\000y\000:\000\040\000A\000\040\000S\000P\000H\000E\000R\000E\000x\000\040\000S\000e\000n\000s\000i\000t\000i\000v\000i\000t\000y\000\040\000R\000e\000c\000a\000s\000t\000\040\000w\000i\000t\000h\000\040\000a\000\040\000M\000e\000g\000a\000M\000a\000p\000p\000e\000r\000\040\000O\000u\000t\000l\000o\000o\000k}{}% 2
\BOOKMARK [1][-]{section*.1}{\376\377\000A\000b\000s\000t\000r\000a\000c\000t}{section*.2}% 1
\BOOKMARK [1][-]{section*.3}{\376\377\000I\000n\000t\000r\000o\000d\000u\000c\000t\000i\000o\000n}{section*.2}% 3
\BOOKMARK [1][-]{section*.4}{\376\377\000T\000h\000e\000\040\000M\000a\000t\000t\000e\000r\000-\000B\000o\000u\000n\000c\000e\000\040\000B\000i\000s\000p\000e\000c\000t\000r\000u\000m\000\040\000B\000e\000n\000c\000h\000m\000a\000r\000k}{section*.2}% 4
\BOOKMARK [2][-]{section*.5}{\376\377\000T\000h\000e\000\040\000P\000r\000e\000d\000i\000c\000t\000i\000o\000n}{section*.4}% 5
\BOOKMARK [2][-]{section*.6}{\376\377\000U\000V\000-\000C\000o\000m\000p\000l\000e\000t\000i\000o\000n\000\040\000I\000n\000d\000e\000p\000e\000n\000d\000e\000n\000c\000e\000\040\000\050\000C\000o\000n\000d\000i\000t\000i\000o\000n\000a\000l\000\040\000o\000n\000\040\000F\000a\000i\000t\000h\000f\000u\000l\000\040\000C\000u\000b\000i\000c\000-\000O\000r\000d\000e\000r\000\040\000T\000r\000a\000n\000s\000f\000e\000r\000\051}{section*.4}% 6
\BOOKMARK [2][-]{section*.7}{\376\377\000A\000s\000s\000u\000m\000p\000t\000i\000o\000n\000s}{section*.4}% 7
\BOOKMARK [2][-]{section*.8}{\376\377\000T\000h\000e\000\040\000V\000i\000a\000b\000l\000e\000\040\000M\000o\000d\000e\000l}{section*.4}% 8
\BOOKMARK [1][-]{section*.9}{\376\377\000O\000b\000s\000e\000r\000v\000a\000b\000l\000e\000\040\000M\000a\000p\000p\000i\000n\000g\000\040\000t\000o\000\040\000L\000a\000r\000g\000e\000-\000S\000c\000a\000l\000e\000\040\000S\000t\000r\000u\000c\000t\000u\000r\000e}{section*.2}% 9
\BOOKMARK [2][-]{section*.10}{\376\377\000S\000c\000a\000l\000e\000-\000D\000e\000p\000e\000n\000d\000e\000n\000t\000\040\000B\000i\000a\000s}{section*.9}% 10
\BOOKMARK [2][-]{section*.11}{\376\377\000T\000e\000m\000p\000l\000a\000t\000e\000\040\000P\000r\000o\000j\000e\000c\000t\000i\000o\000n\000\040\000a\000n\000d\000\040\000A\000m\000p\000l\000i\000t\000u\000d\000e\000\040\000R\000e\000c\000o\000v\000e\000r\000y}{section*.9}% 11
\BOOKMARK [2][-]{section*.12}{\376\377\000G\000a\000l\000a\000x\000y\000\040\000B\000i\000s\000p\000e\000c\000t\000r\000u\000m}{section*.9}% 12
\BOOKMARK [1][-]{section*.13}{\376\377\000S\000P\000H\000E\000R\000E\000x\000\040\000F\000o\000r\000e\000c\000a\000s\000t}{section*.2}% 13
\BOOKMARK [1][-]{section*.14}{\376\377\000M\000e\000g\000a\000M\000a\000p\000p\000e\000r\000\040\000F\000o\000r\000e\000c\000a\000s\000t}{section*.2}% 14
\BOOKMARK [1][-]{section*.15}{\376\377\000I\000n\000f\000l\000a\000t\000i\000o\000n\000\040\000M\000i\000m\000i\000c\000r\000y\000\040\000a\000n\000d\000\040\000B\000a\000y\000e\000s\000i\000a\000n\000\040\000C\000o\000m\000p\000a\000r\000i\000s\000o\000n}{section*.2}% 15
\BOOKMARK [2][-]{section*.16}{\376\377\000C\000a\000n\000\040\000I\000n\000f\000l\000a\000t\000i\000o\000n\000\040\000R\000e\000p\000r\000o\000d\000u\000c\000e\000\040\000t\000h\000e\000\040\000S\000i\000g\000n\000a\000l\000?}{section*.15}% 16
\BOOKMARK [2][-]{section*.17}{\376\377\000T\000h\000e\000\040\000K\000i\000n\000e\000m\000a\000t\000i\000c\000\040\000v\000s\000.\000\040\000P\000a\000r\000a\000m\000e\000t\000r\000i\000c\000\040\000A\000s\000y\000m\000m\000e\000t\000r\000y}{section*.15}% 17
\BOOKMARK [2][-]{section*.18}{\376\377\000Q\000u\000a\000n\000t\000i\000t\000a\000t\000i\000v\000e\000\040\000B\000a\000y\000e\000s\000i\000a\000n\000\040\000C\000o\000m\000p\000a\000r\000i\000s\000o\000n}{section*.15}% 18
\BOOKMARK [1][-]{section*.21}{\376\377\000S\000y\000s\000t\000e\000m\000a\000t\000i\000c\000s\000\040\000a\000n\000d\000\040\000R\000o\000b\000u\000s\000t\000n\000e\000s\000s}{section*.2}% 19
\BOOKMARK [2][-]{section*.22}{\376\377\000D\000o\000m\000i\000n\000a\000n\000t\000\040\000F\000r\000a\000g\000i\000l\000i\000t\000i\000e\000s}{section*.21}% 20
\BOOKMARK [2][-]{section*.23}{\376\377\000P\000N\000G\000\040\000B\000i\000a\000s\000\040\000\050\000b\000\051\000\040\000S\000e\000n\000s\000i\000t\000i\000v\000i\000t\000y}{section*.21}% 21
\BOOKMARK [2][-]{section*.24}{\376\377\000P\000a\000r\000a\000m\000e\000t\000e\000r\000i\000z\000e\000d\000\040\000G\000R\000-\000D\000e\000g\000r\000a\000d\000a\000t\000i\000o\000n\000\040\000A\000n\000a\000l\000y\000s\000i\000s}{section*.21}% 22
\BOOKMARK [2][-]{section*.25}{\376\377\000A\000d\000d\000i\000t\000i\000o\000n\000a\000l\000\040\000S\000y\000s\000t\000e\000m\000a\000t\000i\000c\000\040\000C\000o\000n\000s\000i\000d\000e\000r\000a\000t\000i\000o\000n\000s}{section*.21}% 23
\BOOKMARK [1][-]{section*.26}{\376\377\000C\000u\000r\000r\000e\000n\000t\000\040\000D\000a\000t\000a\000\040\000a\000n\000d\000\040\000C\000o\000n\000s\000i\000s\000t\000e\000n\000c\000y\000\040\000R\000e\000l\000a\000t\000i\000o\000n}{section*.2}% 24
\BOOKMARK [2][-]{section*.27}{\376\377\000P\000l\000a\000n\000c\000k\000\040\000+\000\040\000D\000E\000S\000I\000\040\000R\000e\000c\000a\000s\000t}{section*.26}% 25
\BOOKMARK [2][-]{section*.28}{\376\377\000T\000h\000e\000\040\000f\000N\000L\040\023\000n\000s\000\040\000C\000o\000n\000s\000i\000s\000t\000e\000n\000c\000y\000\040\000R\000e\000l\000a\000t\000i\000o\000n}{section*.26}% 26
\BOOKMARK [1][-]{section*.29}{\376\377\000D\000i\000s\000c\000u\000s\000s\000i\000o\000n}{section*.2}% 27
\BOOKMARK [2][-]{section*.30}{\376\377\000T\000h\000e\000\040\000S\000t\000a\000g\000e\000d\000\040\000O\000b\000s\000e\000r\000v\000a\000t\000i\000o\000n\000a\000l\000\040\000S\000t\000r\000a\000t\000e\000g\000y}{section*.29}% 28
\BOOKMARK [2][-]{section*.31}{\376\377\000C\000o\000m\000p\000l\000e\000m\000e\000n\000t\000a\000r\000y\000\040\000E\000x\000p\000e\000r\000i\000m\000e\000n\000t\000s}{section*.29}% 29
\BOOKMARK [2][-]{section*.32}{\376\377\000D\000e\000c\000i\000s\000i\000o\000n\000\040\000T\000h\000r\000e\000s\000h\000o\000l\000d\000s}{section*.29}% 30
\BOOKMARK [2][-]{section*.33}{\376\377\000J\000o\000i\000n\000t\000\040\000\050\000f\000N\000L\000,\000n\000f\000N\000L\000\051\000\040\000F\000o\000r\000e\000c\000a\000s\000t\000\040\000a\000s\000\040\000a\000\040\000S\000t\000r\000o\000n\000g\000e\000r\000\040\000D\000i\000s\000c\000r\000i\000m\000i\000n\000a\000t\000o\000r}{section*.29}% 31
\BOOKMARK [2][-]{section*.34}{\376\377\000C\000a\000v\000e\000a\000t\000s}{section*.29}% 32
\BOOKMARK [1][-]{section*.36}{\376\377\000C\000o\000n\000c\000l\000u\000s\000i\000o\000n}{section*.2}% 33
\BOOKMARK [1][-]{section*.37}{\376\377\000D\000a\000t\000a\000\040\000a\000n\000d\000\040\000C\000o\000d\000e\000\040\000A\000v\000a\000i\000l\000a\000b\000i\000l\000i\000t\000y}{section*.2}% 34
\BOOKMARK [1][-]{section*.38}{\376\377\000B\000i\000s\000p\000e\000c\000t\000r\000u\000m\000\040\000C\000o\000n\000v\000e\000n\000t\000i\000o\000n\000\040\000v\000s\000.\000\040\000O\000p\000e\000r\000a\000t\000o\000r\000-\000A\000l\000g\000e\000b\000r\000a\000\040\000I\000d\000e\000n\000t\000i\000t\000y\000:\000\040\000C\000a\000i\000\040\000e\000t\000\040\000a\000l\000.\000\040\000v\000s\000.\000\040\000L\000i\000\040\000e\000t\000\040\000a\000l\000.}{section*.2}% 35
\BOOKMARK [2][-]{section*.39}{\376\377\000A\000.\0001\000\040\000E\000x\000p\000l\000i\000c\000i\000t\000\040\000i\000n\000-\000i\000n\000\040\000W\000i\000c\000k\000\040\000c\000o\000n\000t\000r\000a\000c\000t\000i\000o\000n\000\040\000d\000e\000r\000i\000v\000a\000t\000i\000o\000n\000\040\000o\000f\000\040\000t\000h\000e\000\040\000c\000o\000m\000m\000u\000t\000a\000t\000o\000r\000\040\000d\000o\000u\000b\000l\000i\000n\000g}{section*.38}% 36
\BOOKMARK [2][-]{section*.44}{\376\377\000A\000.\0002\000\040\000D\000u\000a\000l\000-\000n\000o\000r\000m\000a\000l\000i\000z\000a\000t\000i\000o\000n\000\040\000F\000i\000s\000h\000e\000r\000\040\000t\000a\000b\000l\000e}{section*.38}% 37
\BOOKMARK [1][-]{section*.45}{\376\377\000A\000c\000k\000n\000o\000w\000l\000e\000d\000g\000m\000e\000n\000t\000s}{section*.2}% 38
\BOOKMARK [1][-]{section*.46}{\376\377\000R\000e\000f\000e\000r\000e\000n\000c\000e\000s}{section*.2}% 39
