\BOOKMARK [0][-]{section*.2}{\376\377\000E\000n\000v\000i\000r\000o\000n\000m\000e\000n\000t\000a\000l\000\040\000D\000e\000p\000e\000n\000d\000e\000n\000c\000e\000\040\000o\000f\000\040\000S\000p\000i\000r\000a\000l\000\040\000C\000h\000i\000r\000a\000l\000i\000t\000y\000:\000\040\000A\000\040\000D\000E\000S\000I\000V\000A\000S\000T\000\040\000T\000h\000r\000e\000e\000-\000A\000l\000g\000o\000r\000i\000t\000h\000m\000\040\000T\000e\000s\000t\000\040\000o\000n\000\040\0005\0006\000,\0009\0008\0001\000\040\000V\000o\000i\000d\000\040\000S\000p\000i\000r\000a\000l\000s\000\040\000w\000i\000t\000h\000\040\000T\000-\000W\000e\000b\000\040\000\050\000H\000a\000h\000n\000\040\0002\0000\0000\0007\000\051\000\040\000T\000i\000d\000a\000l\000-\000T\000e\000n\000s\000o\000r\000\040\000C\000r\000o\000s\000s\000-\000C\000h\000e\000c\000k\000\040\000A\000c\000r\000o\000s\000s\000\040\0007\0009\0001\000,\0006\0003\0005\000\040\000D\000R\0001\000\040\000M\000a\000t\000c\000h\000e\000d\000\040\000S\000p\000i\000r\000a\000l\000s\000S\000e\000e\000\040\000\247\000?\000?\000\040\000f\000o\000r\000\040\000t\000h\000e\000\040\000i\000m\000p\000l\000e\000m\000e\000n\000t\000a\000t\000i\000o\000n\000\040\000n\000o\000t\000e\000\040\000o\000n\000\040\000t\000h\000e\000\040\000T\000-\000W\000e\000b\000/\000V\000-\000W\000e\000b\000\040\000n\000o\000m\000e\000n\000c\000l\000a\000t\000u\000r\000e\000:\000\040\000t\000h\000e\000\040\000t\000i\000d\000a\000l\000-\000t\000e\000n\000s\000o\000r\000\040\000c\000l\000a\000s\000s\000i\000f\000i\000e\000r\000\040\000u\000s\000e\000d\000\040\000h\000e\000r\000e\000\040\000i\000m\000p\000l\000e\000m\000e\000n\000t\000s\000\040\000t\000h\000e\000\040\000H\000a\000h\000n\000\040\0002\0000\0000\0007\000\040\000T\000-\000W\000e\000b\000\040\000r\000e\000c\000i\000p\000e\000\040\000\050\000k\000\040\000=\000\040\000-\000k\000/\000k\0002\000\040\000t\000h\000e\000n\000\040\000T\000i\000j\000\040\000=\000\040\000-\000k\000i\000\040\000k\000j\000\040\000k\000\051\000,\000\040\000n\000o\000t\000\040\000t\000h\000e\000\040\000H\000o\000f\000f\000m\000a\000n\000\040\0002\0000\0001\0002\000\040\000V\000-\000W\000e\000b\000\040\000\050\000v\000e\000l\000o\000c\000i\000t\000y\000-\000s\000h\000e\000a\000r\000\051\000.\000\040\000E\000a\000r\000l\000i\000e\000r\000\040\000p\000r\000e\000p\000r\000i\000n\000t\000\040\000v\000e\000r\000s\000i\000o\000n\000s\000\040\000u\000s\000e\000d\000\040\000`\000`\000V\000-\000W\000e\000b\000'\000'\000\040\000i\000n\000\040\000t\000h\000e\000\040\000t\000i\000t\000l\000e\000\040\000f\000o\000r\000\040\000b\000a\000c\000k\000w\000a\000r\000d\000-\000c\000o\000m\000p\000a\000t\000i\000b\000i\000l\000i\000t\000y\000\040\000w\000i\000t\000h\000\040\000t\000h\000e\000\040\000H\000F\000\040\000d\000a\000t\000a\000s\000e\000t\000\040\000s\000l\000u\000g\000\040\000a\000n\000d\000\040\000t\000h\000e\000\040\000G\000i\000t\000H\000u\000b\000\040\000r\000e\000l\000e\000a\000s\000e\000\040\000t\000a\000g\000;\000\040\000t\000h\000e\000\040\000t\000i\000t\000l\000e\000\040\000i\000s\000\040\000u\000p\000d\000a\000t\000e\000d\000\040\000t\000o\000\040\000`\000`\000T\000-\000W\000e\000b\000'\000'\000\040\000f\000o\000r\000\040\000a\000c\000c\000u\000r\000a\000c\000y\000.}{}% 2
\BOOKMARK [1][-]{section*.1}{\376\377\000A\000b\000s\000t\000r\000a\000c\000t}{section*.2}% 1
\BOOKMARK [1][-]{section*.3}{\376\377\000I\000n\000t\000r\000o\000d\000u\000c\000t\000i\000o\000n}{section*.2}% 3
\BOOKMARK [1][-]{section*.4}{\376\377\000R\000e\000l\000a\000t\000i\000o\000n\000\040\000t\000o\000\040\000P\000a\000p\000e\000r\000\040\000I\000V}{section*.2}% 4
\BOOKMARK [1][-]{section*.5}{\376\377\000D\000a\000t\000a}{section*.2}% 5
\BOOKMARK [2][-]{section*.6}{\376\377\000C\000h\000i\000r\000a\000l\000i\000t\000y\000\040\000c\000a\000t\000a\000l\000o\000g\000\040\000\050\000P\000a\000p\000e\000r\000\040\000I\000V\000\051}{section*.5}% 6
\BOOKMARK [2][-]{section*.7}{\376\377\000D\000E\000S\000I\000\040\000D\000a\000t\000a\000\040\000R\000e\000l\000e\000a\000s\000e\000\040\0001}{section*.5}% 7
\BOOKMARK [2][-]{section*.8}{\376\377\000C\000r\000o\000s\000s\000-\000m\000a\000t\000c\000h\000\040\000m\000e\000t\000h\000o\000d}{section*.5}% 8
\BOOKMARK [2][-]{section*.9}{\376\377\000M\000a\000t\000c\000h\000e\000d\000\040\000c\000a\000t\000a\000l\000o\000g\000\040\000s\000u\000m\000m\000a\000r\000y}{section*.5}% 9
\BOOKMARK [1][-]{section*.10}{\376\377\000V\000-\000W\000e\000b\000\040\000c\000o\000s\000m\000i\000c\000-\000w\000e\000b\000\040\000c\000l\000a\000s\000s\000i\000f\000i\000c\000a\000t\000i\000o\000n}{section*.2}% 10
\BOOKMARK [2][-]{section*.11}{\376\377\000A\000l\000g\000o\000r\000i\000t\000h\000m}{section*.10}% 11
\BOOKMARK [2][-]{section*.12}{\376\377\000P\000h\000a\000s\000e\000\040\0001\000\040\000v\000o\000l\000u\000m\000e\000\040\000f\000r\000a\000c\000t\000i\000o\000n\000s}{section*.10}% 12
\BOOKMARK [1][-]{section*.13}{\376\377\000S\000t\000a\000t\000i\000s\000t\000i\000c\000a\000l\000\040\000m\000e\000t\000h\000o\000d\000s}{section*.2}% 13
\BOOKMARK [2][-]{section*.14}{\376\377\000L\000o\000o\000k\000-\000e\000l\000s\000e\000w\000h\000e\000r\000e\000\040\000\050\000L\000E\000E\000\051\000\040\000c\000o\000r\000r\000e\000c\000t\000i\000o\000n}{section*.13}% 14
\BOOKMARK [2][-]{section*.15}{\376\377\000P\000r\000i\000m\000a\000r\000y\000\040\000v\000s\000.\000\040\000s\000e\000c\000o\000n\000d\000a\000r\000y\000\040\000a\000n\000a\000l\000y\000s\000i\000s\000\040\000p\000a\000t\000h\000s\000\040\000\050\000p\000r\000e\000-\000r\000e\000g\000i\000s\000t\000r\000a\000t\000i\000o\000n\000\040\000c\000a\000v\000e\000a\000t\000\051}{section*.13}% 15
\BOOKMARK [1][-]{section*.16}{\376\377\000R\000e\000s\000u\000l\000t\000s}{section*.2}% 16
\BOOKMARK [2][-]{section*.17}{\376\377\000C\000o\000s\000m\000i\000c\000-\000w\000e\000b\000\040\000e\000n\000v\000i\000r\000o\000n\000m\000e\000n\000t\000\040\000\050\000h\000e\000a\000d\000l\000i\000n\000e\000\051}{section*.16}% 17
\BOOKMARK [2][-]{section*.18}{\376\377\000R\000e\000d\000s\000h\000i\000f\000t\000\040\000d\000e\000p\000e\000n\000d\000e\000n\000c\000e}{section*.16}% 18
\BOOKMARK [2][-]{section*.19}{\376\377\000P\000r\000o\000j\000e\000c\000t\000e\000d\000\040\000d\000e\000n\000s\000i\000t\000y\000\040\000d\000e\000p\000e\000n\000d\000e\000n\000c\000e}{section*.16}% 19
\BOOKMARK [2][-]{section*.20}{\376\377\000W\000i\000t\000h\000i\000n\000-\000c\000l\000a\000s\000s\000\040\000d\000e\000n\000s\000i\000t\000y\000-\000s\000t\000r\000a\000t\000i\000f\000i\000e\000d\000\040\000c\000l\000u\000s\000t\000e\000r\000\040\000+\000\040\000f\000i\000l\000a\000m\000e\000n\000t\000\040\000f\000o\000l\000l\000o\000w\000-\000u\000p}{section*.16}% 20
\BOOKMARK [2][-]{section*.25}{\376\377\000S\000k\000y\000-\000p\000o\000s\000i\000t\000i\000o\000n\000\040\000r\000e\000g\000i\000o\000n\000a\000l\000\040\000c\000o\000h\000e\000r\000e\000n\000c\000e}{section*.16}% 21
\BOOKMARK [1][-]{section*.26}{\376\377\000P\000h\000a\000s\000e\000\040\0002\000\040\000s\000e\000n\000s\000i\000t\000i\000v\000i\000t\000y\000\040\000s\000w\000e\000e\000p}{section*.2}% 22
\BOOKMARK [2][-]{section*.27}{\376\377\000P\000e\000r\000-\000c\000e\000l\000l\000\040\000s\000i\000g\000n\000i\000f\000i\000c\000a\000n\000c\000e\000\040\000f\000r\000a\000m\000e\000w\000o\000r\000k}{section*.26}% 23
\BOOKMARK [1][-]{section*.28}{\376\377\000D\000E\000S\000I\000V\000A\000S\000T\000-\000a\000n\000c\000h\000o\000r\000e\000d\000\040\000v\000o\000i\000d\000\040\000c\000r\000o\000s\000s\000-\000v\000a\000l\000i\000d\000a\000t\000i\000o\000n}{section*.2}% 24
\BOOKMARK [2][-]{section*.29}{\376\377\000D\000E\000S\000I\000V\000A\000S\000T\000\040\000p\000e\000r\000-\000g\000a\000l\000a\000x\000y\000\040\000c\000r\000o\000s\000s\000-\000m\000a\000t\000c\000h\000\040\000\050\000t\000h\000i\000s\000\040\000w\000o\000r\000k\000\051}{section*.28}% 25
\BOOKMARK [2][-]{section*.30}{\376\377\000D\000E\000S\000I\000V\000A\000S\000T\000-\000a\000n\000c\000h\000o\000r\000e\000d\000\040\000v\000o\000i\000d\000\040\000c\000l\000a\000s\000s\000i\000f\000i\000e\000r\000\040\000\050\000t\000h\000i\000s\000\040\000w\000o\000r\000k\000\051}{section*.28}% 26
\BOOKMARK [2][-]{section*.31}{\376\377\000T\000h\000r\000e\000e\000-\000a\000l\000g\000o\000r\000i\000t\000h\000m\000\040\000D\000E\000S\000I\000V\000A\000S\000T\000\040\000r\000o\000b\000u\000s\000t\000n\000e\000s\000s\000\040\000c\000r\000o\000s\000s\000-\000c\000h\000e\000c\000k}{section*.28}% 27
\BOOKMARK [2][-]{section*.32}{\376\377\000C\000a\000t\000a\000l\000o\000g\000-\000n\000a\000t\000i\000v\000e\000\040\000V\0002\000\040\000m\000e\000m\000b\000e\000r\000s\000h\000i\000p\000\040\000c\000r\000o\000s\000s\000-\000c\000h\000e\000c\000k}{section*.28}% 28
\BOOKMARK [2][-]{section*.33}{\376\377\000M\000a\000x\000i\000m\000a\000l\000-\000v\000o\000i\000d\000\040\000H\000E\000A\000L\000P\000i\000x\000\040\000s\000k\000y\000-\000p\000o\000s\000i\000t\000i\000o\000n\000\040\000s\000t\000r\000a\000t\000i\000f\000i\000c\000a\000t\000i\000o\000n}{section*.28}% 29
\BOOKMARK [2][-]{section*.34}{\376\377\000C\000r\000o\000s\000s\000-\000s\000u\000r\000v\000e\000y\000\040\000P\0004\000-\000m\000o\000n\000o\000p\000o\000l\000e\000-\000r\000e\000s\000i\000d\000u\000a\000l\000\040\000a\000n\000a\000l\000y\000s\000i\000s}{section*.28}% 30
\BOOKMARK [1][-]{section*.35}{\376\377\000A\000d\000d\000i\000t\000i\000o\000n\000a\000l\000\040\000c\000o\000s\000m\000i\000c\000-\000w\000e\000b\000\040\000c\000r\000o\000s\000s\000-\000c\000h\000e\000c\000k\000s}{section*.2}% 31
\BOOKMARK [2][-]{section*.36}{\376\377\000R\000e\000d\000s\000h\000i\000f\000t\000-\000s\000h\000e\000l\000l\000\040\000s\000e\000l\000e\000c\000t\000i\000o\000n\000-\000c\000o\000r\000r\000e\000c\000t\000e\000d\000\040\000c\000l\000a\000s\000s\000i\000f\000i\000e\000r\000\040\000r\000o\000b\000u\000s\000t\000n\000e\000s\000s}{section*.35}% 32
\BOOKMARK [2][-]{section*.39}{\376\377\000T\000e\000m\000p\000e\000l\000+\0002\0000\0001\0004\000\040\000F\000o\000F\000\040\000c\000r\000o\000s\000s\000-\000v\000a\000l\000i\000d\000a\000t\000i\000o\000n}{section*.35}% 33
\BOOKMARK [2][-]{section*.40}{\376\377\000C\000o\000n\000c\000u\000r\000r\000e\000n\000t\000-\000l\000i\000t\000e\000r\000a\000t\000u\000r\000e\000\040\000D\000R\0001\000/\000E\000D\000R\000\040\000c\000o\000s\000m\000i\000c\000-\000w\000e\000b\000\040\000c\000r\000o\000s\000s\000-\000v\000a\000l\000i\000d\000a\000t\000i\000o\000n}{section*.35}% 34
\BOOKMARK [1][-]{section*.41}{\376\377\000A\000S\000T\000R\000A\000\040\000E\000D\000R\000\040\000p\000e\000r\000-\000o\000b\000j\000e\000c\000t\000\040\000c\000r\000o\000s\000s\000-\000v\000a\000l\000i\000d\000a\000t\000i\000o\000n}{section*.2}% 35
\BOOKMARK [1][-]{section*.42}{\376\377\000S\000y\000s\000t\000e\000m\000a\000t\000i\000c\000s\000\040\000a\000n\000d\000\040\000n\000u\000l\000l\000\040\000t\000e\000s\000t\000s}{section*.2}% 36
\BOOKMARK [1][-]{section*.43}{\376\377\000D\000i\000s\000c\000u\000s\000s\000i\000o\000n}{section*.2}% 37
\BOOKMARK [2][-]{section*.44}{\376\377\000I\000n\000t\000e\000r\000p\000r\000e\000t\000a\000t\000i\000o\000n}{section*.43}% 38
\BOOKMARK [2][-]{section*.45}{\376\377\000I\000m\000p\000l\000i\000c\000a\000t\000i\000o\000n\000s\000\040\000f\000o\000r\000\040\000b\000o\000u\000n\000c\000e\000\040\000a\000n\000d\000\040\000i\000n\000f\000l\000a\000t\000i\000o\000n\000\040\000m\000o\000d\000e\000l\000s}{section*.43}% 39
\BOOKMARK [2][-]{section*.46}{\376\377\000C\000o\000m\000p\000a\000r\000i\000s\000o\000n\000\040\000t\000o\000\040\000S\000h\000a\000m\000i\000r\000\040\0002\0000\0002\0002\000\040\000D\000E\000S\000I\000\040\000L\000e\000g\000a\000c\000y}{section*.43}% 40
\BOOKMARK [1][-]{section*.47}{\376\377\000L\000i\000m\000i\000t\000a\000t\000i\000o\000n\000s}{section*.2}% 41
\BOOKMARK [1][-]{section*.48}{\376\377\000F\000u\000t\000u\000r\000e\000\040\000L\000S\000S\000T\000\040\000e\000x\000t\000e\000n\000s\000i\000o\000n}{section*.2}% 42
\BOOKMARK [1][-]{section*.49}{\376\377\000C\000o\000n\000c\000l\000u\000s\000i\000o\000n\000s}{section*.2}% 43
\BOOKMARK [1][-]{section*.50}{\376\377\000T\000o\000y\000\040\000E\000F\000T\000\040\000m\000a\000p\000p\000i\000n\000g\000\040\000o\000f\000\040\000t\000h\000e\000\040\000e\000n\000v\000i\000r\000o\000n\000m\000e\000n\000t\000a\000l\000\040\000b\000o\000u\000n\000d}{section*.2}% 44
\BOOKMARK [1][-]{section*.51}{\376\377\000D\000a\000t\000a\000\040\000a\000n\000d\000\040\000c\000o\000d\000e\000\040\000a\000v\000a\000i\000l\000a\000b\000i\000l\000i\000t\000y}{section*.2}% 45
\BOOKMARK [1][-]{section*.52}{\376\377\000R\000e\000p\000r\000o\000d\000u\000c\000i\000b\000i\000l\000i\000t\000y\000\040\000c\000h\000e\000c\000k\000l\000i\000s\000t}{section*.2}% 46
\BOOKMARK [1][-]{section*.53}{\376\377\000R\000e\000f\000e\000r\000e\000n\000c\000e\000s}{section*.2}% 47
