\BOOKMARK [0][-]{section*.2}{\376\377\000S\000p\000e\000c\000t\000r\000a\000l\000l\000y\000\040\000U\000n\000u\000s\000u\000a\000l\000\040\000S\000o\000u\000r\000c\000e\000s\000\040\000a\000t\000\040\000S\000c\000a\000l\000e\000:\000\040\000A\000\040\000M\000u\000l\000t\000i\000-\000S\000u\000r\000v\000e\000y\000\040\000C\000a\000t\000a\000l\000o\000g\000\040\000o\000f\000\040\0003\0007\0008\000,\0002\0008\0000\000\040\000P\000a\000t\000h\000-\000C\000\040\000U\000n\000i\000q\000u\000e\000\040\000A\000n\000o\000m\000a\000l\000i\000e\000s\000\040\000a\000n\000d\000\040\000a\000\040\000N\000a\000t\000i\000v\000e\000-\000T\000r\000a\000i\000n\000e\000d\000\040\000N\000o\000v\000e\000l\000t\000y\000\040\000F\000r\000a\000c\000t\000i\000o\000n\000\040\000f\000r\000o\000m\000\040\0003\0007\000.\0003\000\040\000M\000i\000l\000l\000i\000o\000n\000\040\000S\000o\000u\000r\000c\000e\000s\000\040\000a\000n\000d\000\040\000M\000a\000p\000\040\000P\000a\000t\000c\000h\000e\000s}{}% 2
\BOOKMARK [1][-]{section*.1}{\376\377\000A\000b\000s\000t\000r\000a\000c\000t}{section*.2}% 1
\BOOKMARK [1][-]{section*.3}{\376\377\000I\000n\000t\000r\000o\000d\000u\000c\000t\000i\000o\000n}{section*.2}% 3
\BOOKMARK [1][-]{section*.4}{\376\377\000M\000e\000t\000h\000o\000d}{section*.2}% 4
\BOOKMARK [2][-]{section*.5}{\376\377\000B\000i\000g\000A\000E\000\040\000A\000r\000c\000h\000i\000t\000e\000c\000t\000u\000r\000e}{section*.4}% 5
\BOOKMARK [2][-]{section*.6}{\376\377\000T\000r\000a\000i\000n\000i\000n\000g\000\040\000a\000n\000d\000\040\000S\000c\000o\000r\000i\000n\000g}{section*.4}% 6
\BOOKMARK [2][-]{section*.10}{\376\377\000G\000P\000U\000\040\000I\000n\000f\000e\000r\000e\000n\000c\000e\000\040\000P\000i\000p\000e\000l\000i\000n\000e}{section*.4}% 7
\BOOKMARK [2][-]{section*.11}{\376\377\000P\000a\000t\000h\000-\000C\000\040\000R\000e\000b\000u\000i\000l\000d\000\040\000M\000e\000t\000h\000o\000d\000o\000l\000o\000g\000y\000:\000\040\000N\000a\000t\000i\000v\000e\000\040\000R\000e\000t\000r\000a\000i\000n\000s\000\040\000a\000s\000\040\000C\000o\000r\000e\000\040\000P\000r\000o\000t\000o\000c\000o\000l}{section*.4}% 8
\BOOKMARK [1][-]{section*.12}{\376\377\000S\000u\000r\000v\000e\000y\000-\000b\000y\000-\000S\000u\000r\000v\000e\000y\000\040\000R\000e\000s\000u\000l\000t\000s}{section*.2}% 9
\BOOKMARK [2][-]{section*.13}{\376\377\000D\000E\000S\000I\000\040\000D\000R\0001}{section*.12}% 10
\BOOKMARK [2][-]{section*.14}{\376\377\000H\000i\000g\000h\000-\000z\000\040\000Q\000S\000O\000\040\000C\000a\000n\000d\000i\000d\000a\000t\000e\000s}{section*.12}% 11
\BOOKMARK [2][-]{section*.15}{\376\377\000S\000D\000S\000S\000\040\000D\000R\0001\0008}{section*.12}% 12
\BOOKMARK [2][-]{section*.16}{\376\377\000L\000A\000M\000O\000S\000T\000\040\000D\000R\0001\0000}{section*.12}% 13
\BOOKMARK [2][-]{section*.17}{\376\377\000e\000R\000O\000S\000I\000T\000A\000\040\000D\000R\0001}{section*.12}% 14
\BOOKMARK [2][-]{section*.18}{\376\377\000P\000l\000a\000n\000c\000k\000\040\000C\000M\000B}{section*.12}% 15
\BOOKMARK [2][-]{section*.19}{\376\377\000G\000a\000i\000a\000\040\000D\000R\0003}{section*.12}% 16
\BOOKMARK [2][-]{section*.20}{\376\377\000N\000E\000O\000W\000I\000S\000E}{section*.12}% 17
\BOOKMARK [1][-]{section*.21}{\376\377\000C\000r\000o\000s\000s\000-\000S\000u\000r\000v\000e\000y\000\040\000A\000n\000a\000l\000y\000s\000i\000s}{section*.2}% 18
\BOOKMARK [2][-]{section*.22}{\376\377\000S\000I\000M\000B\000A\000D\000\040\000C\000r\000o\000s\000s\000-\000M\000a\000t\000c\000h\000\040\000a\000n\000d\000\040\000N\000o\000v\000e\000l\000t\000y\000\040\000A\000s\000s\000e\000s\000s\000m\000e\000n\000t}{section*.21}% 19
\BOOKMARK [2][-]{section*.25}{\376\377\000S\000p\000a\000t\000i\000a\000l\000\040\000A\000n\000a\000l\000y\000s\000i\000s}{section*.21}% 20
\BOOKMARK [2][-]{section*.26}{\376\377\000C\000r\000o\000s\000s\000-\000S\000u\000r\000v\000e\000y\000\040\000M\000a\000t\000c\000h\000e\000s}{section*.21}% 21
\BOOKMARK [2][-]{section*.27}{\376\377\000P\000l\000a\000n\000c\000k\000\040\000\040\000A\000C\000T\000\040\000C\000r\000o\000s\000s\000-\000C\000o\000r\000r\000e\000l\000a\000t\000i\000o\000n\000:\000\040\000N\000u\000l\000l\000\040\000R\000e\000s\000u\000l\000t}{section*.21}% 22
\BOOKMARK [1][-]{section*.28}{\376\377\000C\000o\000s\000m\000o\000l\000o\000g\000i\000c\000a\000l\000\040\000A\000p\000p\000l\000i\000c\000a\000t\000i\000o\000n\000s}{section*.2}% 23
\BOOKMARK [2][-]{section*.32}{\376\377\000N\000A\000N\000O\000G\000r\000a\000v\000\040\000B\000o\000u\000n\000c\000e\000\040\000C\000o\000n\000s\000i\000s\000t\000e\000n\000c\000y}{section*.28}% 24
\BOOKMARK [1][-]{section*.34}{\376\377\000D\000i\000s\000c\000u\000s\000s\000i\000o\000n}{section*.2}% 25
\BOOKMARK [2][-]{section*.35}{\376\377\000T\000h\000e\000\040\000L\000A\000M\000O\000S\000T\000\040\000T\000r\000a\000i\000n\000i\000n\000g\000-\000B\000i\000a\000s\000\040\000L\000e\000s\000s\000o\000n}{section*.34}% 26
\BOOKMARK [2][-]{section*.36}{\376\377\000M\000o\000d\000e\000l\000-\000D\000e\000p\000e\000n\000d\000e\000n\000c\000e\000\040\000o\000f\000\040\000A\000n\000o\000m\000a\000l\000y\000\040\000R\000a\000n\000k\000i\000n\000g\000s}{section*.34}% 27
\BOOKMARK [2][-]{section*.37}{\376\377\000L\000i\000m\000i\000t\000a\000t\000i\000o\000n\000s}{section*.34}% 28
\BOOKMARK [2][-]{section*.38}{\376\377\000P\000a\000t\000h\000-\000C\000\040\000R\000e\000b\000u\000i\000l\000d\000\040\000R\000e\000s\000i\000d\000u\000a\000l\000\040\000C\000a\000v\000e\000a\000t\000s}{section*.34}% 29
\BOOKMARK [2][-]{section*.39}{\376\377\000C\000o\000m\000p\000a\000r\000i\000s\000o\000n\000\040\000w\000i\000t\000h\000\040\000P\000r\000i\000o\000r\000\040\000W\000o\000r\000k}{section*.34}% 30
\BOOKMARK [2][-]{section*.40}{\376\377\000I\000m\000p\000l\000i\000c\000a\000t\000i\000o\000n\000s\000\040\000f\000o\000r\000\040\000B\000o\000u\000n\000c\000e\000\040\000C\000o\000s\000m\000o\000l\000o\000g\000y}{section*.34}% 31
\BOOKMARK [1][-]{section*.41}{\376\377\000C\000o\000n\000c\000l\000u\000s\000i\000o\000n\000s}{section*.2}% 32
\BOOKMARK [1][-]{section*.42}{\376\377\000A\000c\000k\000n\000o\000w\000l\000e\000d\000g\000m\000e\000n\000t\000s}{section*.2}% 33
\BOOKMARK [1][-]{section*.43}{\376\377\000S\000u\000r\000v\000e\000y\000\040\000P\000r\000o\000c\000e\000s\000s\000i\000n\000g\000\040\000D\000e\000t\000a\000i\000l\000s}{section*.2}% 34
\BOOKMARK [1][-]{section*.44}{\376\377\000D\000E\000S\000I\000\040\000B\000a\000n\000d\000-\000D\000o\000m\000i\000n\000a\000n\000c\000e\000\040\000C\000l\000a\000s\000s\000i\000f\000i\000c\000a\000t\000i\000o\000n}{section*.2}% 35
\BOOKMARK [1][-]{section*.45}{\376\377\000F\000i\000s\000h\000e\000r\000\040\000F\000o\000r\000e\000c\000a\000s\000t\000\040\000w\000i\000t\000h\000\040\000a\000\040\000F\000i\000x\000e\000d\000\040\000B\000i\000a\000s\000\040\000P\000r\000i\000o\000r\000\040\000\050\000=\000\040\0000\000.\0001\0005\000\051}{section*.2}% 36
\BOOKMARK [2][-]{section*.46}{\376\377\000S\000h\000o\000t\000-\000n\000o\000i\000s\000e\000\040\000s\000e\000n\000s\000i\000t\000i\000v\000i\000t\000y\000\040\000f\000o\000r\000\040\000s\000p\000a\000r\000s\000e\000\040\000a\000n\000o\000m\000a\000l\000y\000\040\000t\000r\000a\000c\000e\000r\000s}{section*.45}% 37
\BOOKMARK [1][-]{section*.47}{\376\377\000A\000s\000t\000r\000o\000p\000h\000y\000s\000i\000c\000a\000l\000\040\000T\000a\000x\000o\000n\000o\000m\000y\000\040\000I\000m\000a\000g\000e\000\040\000G\000a\000l\000l\000e\000r\000i\000e\000s}{section*.2}% 38
\BOOKMARK [1][-]{section*.48}{\376\377\000P\000T\000A\000\040\000M\000C\000M\000C\000\040\000d\000o\000c\000u\000m\000e\000n\000t\000a\000t\000i\000o\000n\000:\000\040\000r\000e\000a\000l\000\040\000K\000D\000E\000\040\000f\000r\000e\000e\000-\000s\000p\000e\000c\000t\000r\000u\000m\000\040\000l\000i\000k\000e\000l\000i\000h\000o\000o\000d}{section*.2}% 39
\BOOKMARK [1][-]{section*.51}{\376\377\000A\000C\000T\000\040\000D\000R\0006\000\040\000c\000r\000o\000s\000s\000-\000t\000r\000a\000n\000s\000f\000e\000r\000\040\000s\000c\000a\000n\000:\000\040\000q\000u\000a\000r\000a\000n\000t\000i\000n\000e\000d\000\040\000m\000e\000t\000h\000o\000d\000o\000l\000o\000g\000i\000c\000a\000l\000\040\000a\000r\000t\000i\000f\000a\000c\000t}{section*.2}% 40
\BOOKMARK [1][-]{section*.56}{\376\377\000R\000e\000f\000e\000r\000e\000n\000c\000e\000s}{section*.2}% 41
