\BOOKMARK [0][-]{section*.2}{\376\377\000S\000u\000r\000v\000e\000y\000-\000S\000c\000a\000l\000e\000\040\000G\000a\000l\000a\000x\000y\000\040\000C\000h\000i\000r\000a\000l\000i\000t\000y\000\040\000w\000i\000t\000h\000\040\000E\000q\000u\000i\000v\000a\000r\000i\000a\000n\000t\000\040\000T\000T\000A\000:\000\040\000A\000\040\000N\000u\000l\000l\000\040\000R\000e\000a\000l\000-\000S\000p\000a\000c\000e\000\040\000C\000h\000i\000r\000a\000l\000i\000t\000y\000\040\000D\000i\000p\000o\000l\000e\000,\000\040\000a\000\040\000Q\000u\000a\000n\000t\000i\000f\000i\000a\000b\000l\000e\000\040\000M\000o\000n\000o\000p\000o\000l\000e\000-\000M\000a\000s\000k\000\040\000L\000e\000a\000k\000a\000g\000e\000\040\000C\000h\000a\000n\000n\000e\000l\000,\000\040\000a\000n\000d\000\040\000D\000i\000a\000g\000n\000o\000s\000t\000i\000c\000\040\000E\000v\000i\000d\000e\000n\000c\000e\000\040\000f\000o\000r\000\040\000a\000\040\000D\000e\000p\000t\000h\000/\000M\000o\000r\000p\000h\000o\000l\000o\000g\000y\000-\000C\000o\000r\000r\000e\000l\000a\000t\000e\000d\000\040\000C\000a\000n\000o\000n\000i\000c\000a\000l\000-\000M\000a\000s\000k\000\040\000R\000e\000s\000i\000d\000u\000a\000l\000\040\000o\000n\000\040\0008\000.\0004\0007\000\040\000M\000i\000l\000l\000i\000o\000n\000\040\000D\000E\000S\000I\000\040\000L\000e\000g\000a\000c\000y\000\040\000G\000a\000l\000a\000x\000i\000e\000s\000\040\000\050\0003\000.\0002\000\040\000M\000i\000l\000l\000i\000o\000n\000\040\000S\000p\000i\000r\000a\000l\000s\000\051}{}% 2
\BOOKMARK [1][-]{section*.1}{\376\377\000A\000b\000s\000t\000r\000a\000c\000t}{section*.2}% 1
\BOOKMARK [1][-]{section*.3}{\376\377\000C\000o\000n\000t\000e\000n\000t\000s}{section*.2}% 3
\BOOKMARK [1][-]{section*.4}{\376\377\000I\000n\000t\000r\000o\000d\000u\000c\000t\000i\000o\000n}{section*.2}% 4
\BOOKMARK [1][-]{section*.5}{\376\377\000D\000a\000t\000a}{section*.2}% 5
\BOOKMARK [2][-]{section*.6}{\376\377\000G\000a\000l\000a\000x\000y\000\040\000I\000m\000a\000g\000e\000s}{section*.5}% 6
\BOOKMARK [2][-]{section*.7}{\376\377\000T\000r\000a\000i\000n\000i\000n\000g\000\040\000L\000a\000b\000e\000l\000s}{section*.5}% 7
\BOOKMARK [1][-]{section*.8}{\376\377\000M\000e\000t\000h\000o\000d\000s}{section*.2}% 8
\BOOKMARK [2][-]{section*.9}{\376\377\000D\000e\000c\000l\000a\000r\000e\000d\000\040\000A\000n\000a\000l\000y\000s\000i\000s\000\040\000H\000i\000e\000r\000a\000r\000c\000h\000y}{section*.8}% 9
\BOOKMARK [2][-]{section*.10}{\376\377\000M\000o\000d\000e\000l\000\040\000A\000r\000c\000h\000i\000t\000e\000c\000t\000u\000r\000e}{section*.8}% 10
\BOOKMARK [2][-]{section*.11}{\376\377\000T\000e\000s\000t\000-\000T\000i\000m\000e\000\040\000E\000q\000u\000i\000v\000a\000r\000i\000a\000n\000t\000\040\000A\000v\000e\000r\000a\000g\000i\000n\000g}{section*.8}% 11
\BOOKMARK [2][-]{section*.12}{\376\377\000C\000a\000t\000a\000l\000o\000g\000\040\000T\000i\000e\000r\000s}{section*.8}% 12
\BOOKMARK [1][-]{section*.13}{\376\377\000R\000e\000s\000u\000l\000t\000s}{section*.2}% 13
\BOOKMARK [2][-]{section*.14}{\376\377\000C\000a\000t\000a\000l\000o\000g\000\040\000S\000t\000a\000t\000i\000s\000t\000i\000c\000s}{section*.13}% 14
\BOOKMARK [2][-]{section*.15}{\376\377\000G\000l\000o\000b\000a\000l\000\040\000C\000W\000\040\000F\000r\000a\000c\000t\000i\000o\000n}{section*.13}% 15
\BOOKMARK [2][-]{section*.16}{\376\377\000D\000i\000p\000o\000l\000e\000\040\000A\000n\000a\000l\000y\000s\000i\000s}{section*.13}% 16
\BOOKMARK [2][-]{section*.19}{\376\377\000M\000o\000n\000o\000p\000o\000l\000e\000+\000M\000a\000s\000k\000\040\000L\000e\000a\000k\000a\000g\000e\000\040\000G\000e\000n\000e\000r\000a\000t\000i\000v\000e\000\040\000N\000u\000l\000l}{section*.13}% 17
\BOOKMARK [2][-]{section*.20}{\376\377\000S\000i\000g\000n\000a\000l\000-\000H\000u\000n\000t\000\040\000D\000i\000a\000g\000n\000o\000s\000t\000i\000c\000s}{section*.13}% 18
\BOOKMARK [1][-]{section*.21}{\376\377\000C\000o\000m\000p\000a\000r\000i\000s\000o\000n\000\040\000w\000i\000t\000h\000\040\000P\000r\000e\000v\000i\000o\000u\000s\000\040\000W\000o\000r\000k}{section*.2}% 19
\BOOKMARK [2][-]{section*.22}{\376\377\000S\000h\000a\000m\000i\000r\000\040\000\050\0002\0000\0001\0002\000,\000\040\0002\0000\0002\0000\000,\000\040\0002\0000\0002\0002\000\051}{section*.21}% 20
\BOOKMARK [2][-]{section*.23}{\376\377\000C\000E\000-\000R\000e\000s\000N\000e\000t\000\040\000\050\000J\000i\000a\000\040\000e\000t\000\040\000a\000l\000.\000\040\0002\0000\0002\0003\000\051}{section*.21}% 21
\BOOKMARK [1][-]{section*.24}{\376\377\000D\000i\000s\000c\000u\000s\000s\000i\000o\000n}{section*.2}% 22
\BOOKMARK [2][-]{section*.25}{\376\377\000S\000e\000n\000s\000i\000t\000i\000v\000i\000t\000y\000\040\000F\000l\000o\000o\000r\000\040\000a\000n\000d\000\040\000M\000i\000n\000i\000m\000u\000m\000\040\000D\000e\000t\000e\000c\000t\000a\000b\000l\000e\000\040\000S\000i\000g\000n\000a\000l}{section*.24}% 23
\BOOKMARK [2][-]{section*.28}{\376\377\000R\000e\000l\000a\000t\000i\000o\000n\000\040\000t\000o\000\040\000P\000a\000r\000i\000t\000y\000-\000V\000i\000o\000l\000a\000t\000i\000n\000g\000\040\000S\000e\000c\000t\000o\000r\000s}{section*.24}% 24
\BOOKMARK [2][-]{section*.29}{\376\377\000O\000p\000e\000n\000\040\000F\000o\000l\000l\000o\000w\000-\000u\000p\000\040\000a\000n\000d\000\040\000F\000u\000t\000u\000r\000e\000\040\000D\000i\000r\000e\000c\000t\000i\000o\000n\000s}{section*.24}% 25
\BOOKMARK [1][-]{section*.30}{\376\377\000C\000o\000n\000c\000l\000u\000s\000i\000o\000n\000s}{section*.2}% 26
\BOOKMARK [1][-]{section*.36}{\376\377\000N\000a\000M\000a\000s\000t\000e\000r\000\040\000M\000A\000S\000T\000E\000R\000\040\000C\000o\000n\000f\000i\000g\000u\000r\000a\000t\000i\000o\000n}{section*.2}% 27
\BOOKMARK [1][-]{section*.41}{\376\377\000C\000l\000a\000s\000s\000i\000f\000i\000e\000r\000\040\000A\000r\000c\000h\000i\000t\000e\000c\000t\000u\000r\000e\000\040\000D\000e\000t\000a\000i\000l\000s}{section*.2}% 28
\BOOKMARK [1][-]{section*.47}{\376\377\000A\000u\000x\000i\000l\000i\000a\000r\000y\000\040\000D\000i\000p\000o\000l\000e\000\040\000D\000i\000a\000g\000n\000o\000s\000t\000i\000c\000s}{section*.2}% 29
\BOOKMARK [1][-]{section*.53}{\376\377\000C\000a\000n\000o\000n\000i\000c\000a\000l\000-\000M\000a\000s\000k\000\040\000S\000y\000s\000t\000e\000m\000a\000t\000i\000c\000\040\000A\000n\000a\000l\000y\000s\000i\000s}{section*.2}% 30
\BOOKMARK [1][-]{section*.63}{\376\377\000M\000o\000r\000p\000h\000o\000l\000o\000g\000y\000\040\000S\000y\000s\000t\000e\000m\000a\000t\000i\000c\000s}{section*.2}% 31
\BOOKMARK [1][-]{section*.68}{\376\377\000D\000a\000t\000a\000\040\000A\000v\000a\000i\000l\000a\000b\000i\000l\000i\000t\000y}{section*.2}% 32
\BOOKMARK [1][-]{section*.69}{\376\377\000A\000c\000k\000n\000o\000w\000l\000e\000d\000g\000m\000e\000n\000t\000s}{section*.2}% 33
\BOOKMARK [1][-]{section*.70}{\376\377\000R\000e\000f\000e\000r\000e\000n\000c\000e\000s}{section*.2}% 34
